Archive member included to satisfy reference by file (symbol)

/usr/local/Cellar/avr-gcc@8/8.3.0_1/lib/avr-gcc/8/gcc/avr/8.3.0/avr5/libgcc.a(_mulsi3.o)
                              .build/obj_bm16a_default_noogs/quantum/backlight/backlight_avr.o (__mulsi3)
/usr/local/Cellar/avr-gcc@8/8.3.0_1/lib/avr-gcc/8/gcc/avr/8.3.0/avr5/libgcc.a(_udivmodhi4.o)
                              .build/obj_bm16a_default_noogs/quantum/color.o (__udivmodhi4)
/usr/local/Cellar/avr-gcc@8/8.3.0_1/lib/avr-gcc/8/gcc/avr/8.3.0/avr5/libgcc.a(_divmodhi4.o)
                              .build/obj_bm16a_default_noogs/quantum/rgblight.o (__divmodhi4)
/usr/local/Cellar/avr-gcc@8/8.3.0_1/lib/avr-gcc/8/gcc/avr/8.3.0/avr5/libgcc.a(_udivmodsi4.o)
                              .build/obj_bm16a_default_noogs/quantum/backlight/backlight_avr.o (__udivmodsi4)
/usr/local/Cellar/avr-gcc@8/8.3.0_1/lib/avr-gcc/8/gcc/avr/8.3.0/avr5/libgcc.a(_exit.o)
                              /usr/local/Cellar/avr-gcc@8/8.3.0_1/lib/avr-gcc/8/gcc/avr/8.3.0/../../../../../../avr/lib/avr5/crtatmega32u4.o (exit)
/usr/local/Cellar/avr-gcc@8/8.3.0_1/lib/avr-gcc/8/gcc/avr/8.3.0/avr5/libgcc.a(_tablejump2.o)
                              .build/obj_bm16a_default_noogs/keyboards/bm16a/keymaps/default_noogs/keymap.o (__tablejump2__)
/usr/local/Cellar/avr-gcc@8/8.3.0_1/lib/avr-gcc/8/gcc/avr/8.3.0/avr5/libgcc.a(_copy_data.o)
                              .build/obj_bm16a_default_noogs/quantum/matrix.o (__do_copy_data)
/usr/local/Cellar/avr-gcc@8/8.3.0_1/lib/avr-gcc/8/gcc/avr/8.3.0/avr5/libgcc.a(_clear_bss.o)
                              .build/obj_bm16a_default_noogs/quantum/quantum.o (__do_clear_bss)
/usr/local/Cellar/avr-gcc@8/8.3.0_1/lib/avr-gcc/8/gcc/avr/8.3.0/avr5/libgcc.a(_umulhisi3.o)
                              .build/obj_bm16a_default_noogs/quantum/backlight/backlight_avr.o (__umulhisi3)
/usr/local/Cellar/avr-gcc@8/8.3.0_1/lib/avr-gcc/8/gcc/avr/8.3.0/avr5/libgcc.a(_muluhisi3.o)
                              /usr/local/Cellar/avr-gcc@8/8.3.0_1/lib/avr-gcc/8/gcc/avr/8.3.0/avr5/libgcc.a(_mulsi3.o) (__muluhisi3)
/usr/local/Cellar/avr-gcc@8/8.3.0_1/lib/avr-gcc/8/gcc/avr/8.3.0/../../../../../../avr/lib/avr5/libc.a(memchr.o)
                              .build/obj_bm16a_default_noogs/quantum/rgblight.o (memchr)
/usr/local/Cellar/avr-gcc@8/8.3.0_1/lib/avr-gcc/8/gcc/avr/8.3.0/../../../../../../avr/lib/avr5/libatmega32u4.a(eerd_byte.o)
                              .build/obj_bm16a_default_noogs/common/eeconfig.o (eeprom_read_byte)
/usr/local/Cellar/avr-gcc@8/8.3.0_1/lib/avr-gcc/8/gcc/avr/8.3.0/../../../../../../avr/lib/avr5/libatmega32u4.a(eerd_dword.o)
                              .build/obj_bm16a_default_noogs/quantum/rgblight.o (eeprom_read_dword)
/usr/local/Cellar/avr-gcc@8/8.3.0_1/lib/avr-gcc/8/gcc/avr/8.3.0/../../../../../../avr/lib/avr5/libatmega32u4.a(eerd_word.o)
                              .build/obj_bm16a_default_noogs/common/eeconfig.o (eeprom_read_word)
/usr/local/Cellar/avr-gcc@8/8.3.0_1/lib/avr-gcc/8/gcc/avr/8.3.0/../../../../../../avr/lib/avr5/libatmega32u4.a(eeupd_byte.o)
                              .build/obj_bm16a_default_noogs/common/eeconfig.o (eeprom_update_byte)
/usr/local/Cellar/avr-gcc@8/8.3.0_1/lib/avr-gcc/8/gcc/avr/8.3.0/../../../../../../avr/lib/avr5/libatmega32u4.a(eeupd_dword.o)
                              .build/obj_bm16a_default_noogs/quantum/rgblight.o (eeprom_update_dword)
/usr/local/Cellar/avr-gcc@8/8.3.0_1/lib/avr-gcc/8/gcc/avr/8.3.0/../../../../../../avr/lib/avr5/libatmega32u4.a(eeupd_word.o)
                              .build/obj_bm16a_default_noogs/common/eeconfig.o (eeprom_update_word)
/usr/local/Cellar/avr-gcc@8/8.3.0_1/lib/avr-gcc/8/gcc/avr/8.3.0/../../../../../../avr/lib/avr5/libatmega32u4.a(eerd_block.o)
                              /usr/local/Cellar/avr-gcc@8/8.3.0_1/lib/avr-gcc/8/gcc/avr/8.3.0/../../../../../../avr/lib/avr5/libatmega32u4.a(eerd_dword.o) (eeprom_read_blraw)

Allocating common symbols
Common symbol       size              file

rgblight_config     0x5               .build/obj_bm16a_default_noogs/quantum/rgblight.o
USB_IsInitialized   0x1               .build/obj_bm16a_default_noogs/lib/lufa/LUFA/Drivers/USB/Core/USBTask.o
keymap_config       0x2               .build/obj_bm16a_default_noogs/common/magic.o
backlight_config    0x1               .build/obj_bm16a_default_noogs/quantum/backlight/backlight.o
USB_DeviceState     0x1               .build/obj_bm16a_default_noogs/lib/lufa/LUFA/Drivers/USB/Core/USBTask.o
USB_Device_ConfigurationNumber
                    0x1               .build/obj_bm16a_default_noogs/lib/lufa/LUFA/Drivers/USB/Core/DeviceStandardReq.o
led                 0x30              .build/obj_bm16a_default_noogs/quantum/rgblight.o
raw_matrix          0x4               .build/obj_bm16a_default_noogs/quantum/matrix_common.o
USB_Device_CurrentlySelfPowered
                    0x1               .build/obj_bm16a_default_noogs/lib/lufa/LUFA/Drivers/USB/Core/DeviceStandardReq.o
[...]
Memory Configuration

Name             Origin             Length             Attributes
text             0x0000000000000000 0x0000000000020000 xr
data             0x0000000000800060 0x000000000000ffa0 rw !x
eeprom           0x0000000000810000 0x0000000000010000 rw !x
fuse             0x0000000000820000 0x0000000000000400 rw !x
lock             0x0000000000830000 0x0000000000000400 rw !x
signature        0x0000000000840000 0x0000000000000400 rw !x
user_signatures  0x0000000000850000 0x0000000000000400 rw !x
*default*        0x0000000000000000 0xffffffffffffffff

Linker script and memory map

Address of section .data set to 0x800100
LOAD /usr/local/Cellar/avr-gcc@8/8.3.0_1/lib/avr-gcc/8/gcc/avr/8.3.0/../../../../../../avr/lib/avr5/crtatmega32u4.o
LOAD .build/obj_bm16a_default_noogs/keyboards/bm16a/bm16a.o
LOAD .build/obj_bm16a_default_noogs/keyboards/bm16a/keymaps/default_noogs/keymap.o
LOAD .build/obj_bm16a_default_noogs/quantum/quantum.o
LOAD .build/obj_bm16a_default_noogs/quantum/keymap_common.o
LOAD .build/obj_bm16a_default_noogs/quantum/keycode_config.o
LOAD .build/obj_bm16a_default_noogs/quantum/matrix_common.o
LOAD .build/obj_bm16a_default_noogs/quantum/matrix.o
LOAD .build/obj_bm16a_default_noogs/quantum/debounce/sym_g.o
LOAD .build/obj_bm16a_default_noogs/quantum/color.o
LOAD .build/obj_bm16a_default_noogs/quantum/rgblight.o
LOAD .build/obj_bm16a_default_noogs/quantum/process_keycode/process_rgb.o
LOAD .build/obj_bm16a_default_noogs/quantum/backlight/backlight.o
LOAD .build/obj_bm16a_default_noogs/quantum/backlight/backlight_avr.o
LOAD .build/obj_bm16a_default_noogs/ws2812.o
LOAD .build/obj_bm16a_default_noogs/quantum/led_tables.o
LOAD .build/obj_bm16a_default_noogs/quantum/process_keycode/process_space_cadet.o
LOAD .build/obj_bm16a_default_noogs/quantum/process_keycode/process_magic.o
LOAD .build/obj_bm16a_default_noogs/common/host.o
LOAD .build/obj_bm16a_default_noogs/common/keyboard.o
LOAD .build/obj_bm16a_default_noogs/common/action.o
LOAD .build/obj_bm16a_default_noogs/common/action_tapping.o
LOAD .build/obj_bm16a_default_noogs/common/action_macro.o
LOAD .build/obj_bm16a_default_noogs/common/action_layer.o
LOAD .build/obj_bm16a_default_noogs/common/action_util.o
LOAD .build/obj_bm16a_default_noogs/common/print.o
LOAD .build/obj_bm16a_default_noogs/common/debug.o
LOAD .build/obj_bm16a_default_noogs/common/util.o
LOAD .build/obj_bm16a_default_noogs/common/eeconfig.o
LOAD .build/obj_bm16a_default_noogs/common/report.o
LOAD .build/obj_bm16a_default_noogs/common/avr/suspend.o
LOAD .build/obj_bm16a_default_noogs/common/avr/timer.o
LOAD .build/obj_bm16a_default_noogs/common/avr/bootloader.o
LOAD .build/obj_bm16a_default_noogs/common/avr/xprintf.o
LOAD .build/obj_bm16a_default_noogs/common/magic.o
LOAD .build/obj_bm16a_default_noogs/common/mousekey.o
LOAD .build/obj_bm16a_default_noogs/lufa.o
LOAD .build/obj_bm16a_default_noogs/usb_descriptor.o
LOAD .build/obj_bm16a_default_noogs/outputselect.o
LOAD .build/obj_bm16a_default_noogs/lib/lufa/LUFA/Drivers/USB/Class/Common/HIDParser.o
LOAD .build/obj_bm16a_default_noogs/lib/lufa/LUFA/Drivers/USB/Core/AVR8/Device_AVR8.o
LOAD .build/obj_bm16a_default_noogs/lib/lufa/LUFA/Drivers/USB/Core/AVR8/EndpointStream_AVR8.o
LOAD .build/obj_bm16a_default_noogs/lib/lufa/LUFA/Drivers/USB/Core/AVR8/Endpoint_AVR8.o
LOAD .build/obj_bm16a_default_noogs/lib/lufa/LUFA/Drivers/USB/Core/AVR8/Host_AVR8.o
LOAD .build/obj_bm16a_default_noogs/lib/lufa/LUFA/Drivers/USB/Core/AVR8/PipeStream_AVR8.o
LOAD .build/obj_bm16a_default_noogs/lib/lufa/LUFA/Drivers/USB/Core/AVR8/Pipe_AVR8.o
LOAD .build/obj_bm16a_default_noogs/lib/lufa/LUFA/Drivers/USB/Core/AVR8/USBController_AVR8.o
LOAD .build/obj_bm16a_default_noogs/lib/lufa/LUFA/Drivers/USB/Core/AVR8/USBInterrupt_AVR8.o
LOAD .build/obj_bm16a_default_noogs/lib/lufa/LUFA/Drivers/USB/Core/ConfigDescriptors.o
LOAD .build/obj_bm16a_default_noogs/lib/lufa/LUFA/Drivers/USB/Core/DeviceStandardReq.o
LOAD .build/obj_bm16a_default_noogs/lib/lufa/LUFA/Drivers/USB/Core/Events.o
LOAD .build/obj_bm16a_default_noogs/lib/lufa/LUFA/Drivers/USB/Core/HostStandardReq.o
LOAD .build/obj_bm16a_default_noogs/lib/lufa/LUFA/Drivers/USB/Core/USBTask.o
LOAD /usr/local/Cellar/avr-gcc@8/8.3.0_1/lib/avr-gcc/8/gcc/avr/8.3.0/../../../../../../avr/lib/avr5/libm.a
START GROUP
LOAD /usr/local/Cellar/avr-gcc@8/8.3.0_1/lib/avr-gcc/8/gcc/avr/8.3.0/avr5/libgcc.a
LOAD /usr/local/Cellar/avr-gcc@8/8.3.0_1/lib/avr-gcc/8/gcc/avr/8.3.0/../../../../../../avr/lib/avr5/libm.a
LOAD /usr/local/Cellar/avr-gcc@8/8.3.0_1/lib/avr-gcc/8/gcc/avr/8.3.0/../../../../../../avr/lib/avr5/libc.a
LOAD /usr/local/Cellar/avr-gcc@8/8.3.0_1/lib/avr-gcc/8/gcc/avr/8.3.0/../../../../../../avr/lib/avr5/libatmega32u4.a
END GROUP
                0x0000000000020000                __TEXT_REGION_LENGTH__ = DEFINED (__TEXT_REGION_LENGTH__)?__TEXT_REGION_LENGTH__:0x20000
                0x000000000000ffa0                __DATA_REGION_LENGTH__ = DEFINED (__DATA_REGION_LENGTH__)?__DATA_REGION_LENGTH__:0xffa0
                0x0000000000010000                __EEPROM_REGION_LENGTH__ = DEFINED (__EEPROM_REGION_LENGTH__)?__EEPROM_REGION_LENGTH__:0x10000
                0x0000000000000400                __FUSE_REGION_LENGTH__ = DEFINED (__FUSE_REGION_LENGTH__)?__FUSE_REGION_LENGTH__:0x400
                0x0000000000000400                __LOCK_REGION_LENGTH__ = DEFINED (__LOCK_REGION_LENGTH__)?__LOCK_REGION_LENGTH__:0x400
                0x0000000000000400                __SIGNATURE_REGION_LENGTH__ = DEFINED (__SIGNATURE_REGION_LENGTH__)?__SIGNATURE_REGION_LENGTH__:0x400
                0x0000000000000400                __USER_SIGNATURE_REGION_LENGTH__ = DEFINED (__USER_SIGNATURE_REGION_LENGTH__)?__USER_SIGNATURE_REGION_LENGTH__:0x400

.hash
 *(.hash)

.dynsym
 *(.dynsym)

.dynstr
 *(.dynstr)

.gnu.version
 *(.gnu.version)

.gnu.version_d
 *(.gnu.version_d)

.gnu.version_r
 *(.gnu.version_r)

.rel.init
 *(.rel.init)

.rela.init
 *(.rela.init)

.rel.text
 *(.rel.text)
 *(.rel.text.*)
 *(.rel.gnu.linkonce.t*)

.rela.text
 *(.rela.text)
 *(.rela.text.*)
 *(.rela.gnu.linkonce.t*)

.rel.fini
 *(.rel.fini)

.rela.fini
 *(.rela.fini)

.rel.rodata
 *(.rel.rodata)
 *(.rel.rodata.*)
 *(.rel.gnu.linkonce.r*)

.rela.rodata
 *(.rela.rodata)
 *(.rela.rodata.*)
 *(.rela.gnu.linkonce.r*)

.rel.data
 *(.rel.data)
 *(.rel.data.*)
 *(.rel.gnu.linkonce.d*)

.rela.data
 *(.rela.data)
 *(.rela.data.*)
 *(.rela.gnu.linkonce.d*)

.rel.ctors
 *(.rel.ctors)

.rela.ctors
 *(.rela.ctors)

.rel.dtors
 *(.rel.dtors)

.rela.dtors
 *(.rela.dtors)

.rel.got
 *(.rel.got)

.rela.got
 *(.rela.got)

.rel.bss
 *(.rel.bss)

.rela.bss
 *(.rela.bss)

.rel.plt
 *(.rel.plt)

.rela.plt
 *(.rela.plt)

.text           0x0000000000000000     0x5608
 *(.vectors)
 .vectors       0x0000000000000000       0xac /usr/local/Cellar/avr-gcc@8/8.3.0_1/lib/avr-gcc/8/gcc/avr/8.3.0/../../../../../../avr/lib/avr5/crtatmega32u4.o
                0x0000000000000000                __vectors
                0x0000000000000000                __vector_default
 *(.vectors)
 *(.progmem.gcc*)
                0x00000000000000ac                . = ALIGN (0x2)
                0x00000000000000ac                __trampolines_start = .
 *(.trampolines)
 .trampolines   0x00000000000000ac        0x0 linker stubs
 *(.trampolines*)
                0x00000000000000ac                __trampolines_end = .
 *libprintf_flt.a:*(.progmem.data)
 *libc.a:*(.progmem.data)
 *(.progmem.*)
 .progmem.data.__c.6348
                0x00000000000000ac        0x5 .build/obj_bm16a_default_noogs/keyboards/bm16a/keymaps/default_noogs/keymap.o
 .progmem.data.__c.6346
                0x00000000000000b1        0x5 .build/obj_bm16a_default_noogs/keyboards/bm16a/keymaps/default_noogs/keymap.o
 .progmem.data.__c.6343
                0x00000000000000b6        0x5 .build/obj_bm16a_default_noogs/keyboards/bm16a/keymaps/default_noogs/keymap.o
 .progmem.data.__c.6341
                0x00000000000000bb        0x5 .build/obj_bm16a_default_noogs/keyboards/bm16a/keymaps/default_noogs/keymap.o
 .progmem.data.__c.6338
                0x00000000000000c0        0x5 .build/obj_bm16a_default_noogs/keyboards/bm16a/keymaps/default_noogs/keymap.o
 .progmem.data.__c.6336
                0x00000000000000c5        0x5 .build/obj_bm16a_default_noogs/keyboards/bm16a/keymaps/default_noogs/keymap.o
 .progmem.data.__c.6333
                0x00000000000000ca        0x7 .build/obj_bm16a_default_noogs/keyboards/bm16a/keymaps/default_noogs/keymap.o
 .progmem.data.__c.6331
                0x00000000000000d1        0x7 .build/obj_bm16a_default_noogs/keyboards/bm16a/keymaps/default_noogs/keymap.o
 .progmem.data.__c.6328
                0x00000000000000d8        0x7 .build/obj_bm16a_default_noogs/keyboards/bm16a/keymaps/default_noogs/keymap.o
 .progmem.data.__c.6326
                0x00000000000000df        0x7 .build/obj_bm16a_default_noogs/keyboards/bm16a/keymaps/default_noogs/keymap.o
 .progmem.data.__c.6323
                0x00000000000000e6        0x5 .build/obj_bm16a_default_noogs/keyboards/bm16a/keymaps/default_noogs/keymap.o
 .progmem.data.__c.6321
                0x00000000000000eb        0x5 .build/obj_bm16a_default_noogs/keyboards/bm16a/keymaps/default_noogs/keymap.o
 .progmem.data.__c.6318
                0x00000000000000f0        0x5 .build/obj_bm16a_default_noogs/keyboards/bm16a/keymaps/default_noogs/keymap.o
 .progmem.data.__c.6316
                0x00000000000000f5        0x5 .build/obj_bm16a_default_noogs/keyboards/bm16a/keymaps/default_noogs/keymap.o
 .progmem.data.__c.6313
                0x00000000000000fa        0x5 .build/obj_bm16a_default_noogs/keyboards/bm16a/keymaps/default_noogs/keymap.o
 .progmem.data.__c.6311
                0x00000000000000ff        0x5 .build/obj_bm16a_default_noogs/keyboards/bm16a/keymaps/default_noogs/keymap.o
 .progmem.data.__c.6308
                0x0000000000000104        0x5 .build/obj_bm16a_default_noogs/keyboards/bm16a/keymaps/default_noogs/keymap.o
 .progmem.data.__c.6306
                0x0000000000000109        0x5 .build/obj_bm16a_default_noogs/keyboards/bm16a/keymaps/default_noogs/keymap.o
 .progmem.data.__c.6303
                0x000000000000010e        0x5 .build/obj_bm16a_default_noogs/keyboards/bm16a/keymaps/default_noogs/keymap.o
 .progmem.data.__c.6301
                0x0000000000000113        0x5 .build/obj_bm16a_default_noogs/keyboards/bm16a/keymaps/default_noogs/keymap.o
 .progmem.data.__c.6298
                0x0000000000000118        0x5 .build/obj_bm16a_default_noogs/keyboards/bm16a/keymaps/default_noogs/keymap.o
 .progmem.data.__c.6296
                0x000000000000011d        0x5 .build/obj_bm16a_default_noogs/keyboards/bm16a/keymaps/default_noogs/keymap.o
 .progmem.data.__c.6293
                0x0000000000000122        0x9 .build/obj_bm16a_default_noogs/keyboards/bm16a/keymaps/default_noogs/keymap.o
 .progmem.data.__c.6291
                0x000000000000012b        0x9 .build/obj_bm16a_default_noogs/keyboards/bm16a/keymaps/default_noogs/keymap.o
 .progmem.data.__c.6288
                0x0000000000000134        0x5 .build/obj_bm16a_default_noogs/keyboards/bm16a/keymaps/default_noogs/keymap.o
 .progmem.data.__c.6286
                0x0000000000000139        0x5 .build/obj_bm16a_default_noogs/keyboards/bm16a/keymaps/default_noogs/keymap.o
 .progmem.data.__c.6283
                0x000000000000013e        0x5 .build/obj_bm16a_default_noogs/keyboards/bm16a/keymaps/default_noogs/keymap.o
 .progmem.data.__c.6281
                0x0000000000000143        0x5 .build/obj_bm16a_default_noogs/keyboards/bm16a/keymaps/default_noogs/keymap.o
 .progmem.data.__c.6278
                0x0000000000000148        0x9 .build/obj_bm16a_default_noogs/keyboards/bm16a/keymaps/default_noogs/keymap.o
 .progmem.data.__c.6276
                0x0000000000000151        0x9 .build/obj_bm16a_default_noogs/keyboards/bm16a/keymaps/default_noogs/keymap.o
 .progmem.data.__c.6273
                0x000000000000015a        0x5 .build/obj_bm16a_default_noogs/keyboards/bm16a/keymaps/default_noogs/keymap.o
 .progmem.data.__c.6271
                0x000000000000015f        0x5 .build/obj_bm16a_default_noogs/keyboards/bm16a/keymaps/default_noogs/keymap.o
 .progmem.data.__c.6268
                0x0000000000000164        0x5 .build/obj_bm16a_default_noogs/keyboards/bm16a/keymaps/default_noogs/keymap.o
 .progmem.data.__c.6266
                0x0000000000000169        0x5 .build/obj_bm16a_default_noogs/keyboards/bm16a/keymaps/default_noogs/keymap.o
 .progmem.data.__c.6263
                0x000000000000016e        0x5 .build/obj_bm16a_default_noogs/keyboards/bm16a/keymaps/default_noogs/keymap.o
 .progmem.data.__c.6261
                0x0000000000000173        0x5 .build/obj_bm16a_default_noogs/keyboards/bm16a/keymaps/default_noogs/keymap.o
 .progmem.data.__c.6258
                0x0000000000000178        0x5 .build/obj_bm16a_default_noogs/keyboards/bm16a/keymaps/default_noogs/keymap.o
 .progmem.data.__c.6256
                0x000000000000017d        0x5 .build/obj_bm16a_default_noogs/keyboards/bm16a/keymaps/default_noogs/keymap.o
 .progmem.data.__c.6253
                0x0000000000000182        0x5 .build/obj_bm16a_default_noogs/keyboards/bm16a/keymaps/default_noogs/keymap.o
 .progmem.data.__c.6251
                0x0000000000000187        0x5 .build/obj_bm16a_default_noogs/keyboards/bm16a/keymaps/default_noogs/keymap.o
 .progmem.data.__c.6248
                0x000000000000018c        0x5 .build/obj_bm16a_default_noogs/keyboards/bm16a/keymaps/default_noogs/keymap.o
 .progmem.data.__c.6246
                0x0000000000000191        0x5 .build/obj_bm16a_default_noogs/keyboards/bm16a/keymaps/default_noogs/keymap.o
 .progmem.data.__c.6243
                0x0000000000000196        0x5 .build/obj_bm16a_default_noogs/keyboards/bm16a/keymaps/default_noogs/keymap.o
 .progmem.data.__c.6241
                0x000000000000019b        0x5 .build/obj_bm16a_default_noogs/keyboards/bm16a/keymaps/default_noogs/keymap.o
 .progmem.data.__c.6238
                0x00000000000001a0        0x5 .build/obj_bm16a_default_noogs/keyboards/bm16a/keymaps/default_noogs/keymap.o
 .progmem.data.__c.6236
                0x00000000000001a5        0x5 .build/obj_bm16a_default_noogs/keyboards/bm16a/keymaps/default_noogs/keymap.o
 .progmem.data.__c.6232
                0x00000000000001aa        0x7 .build/obj_bm16a_default_noogs/keyboards/bm16a/keymaps/default_noogs/keymap.o
 .progmem.data.__c.6230
                0x00000000000001b1        0x7 .build/obj_bm16a_default_noogs/keyboards/bm16a/keymaps/default_noogs/keymap.o
 .progmem.data.keymaps
                0x00000000000001b8       0x80 .build/obj_bm16a_default_noogs/keyboards/bm16a/keymaps/default_noogs/keymap.o
                0x00000000000001b8                keymaps
 .progmem.data.ascii_to_keycode_lut
                0x0000000000000238       0x80 .build/obj_bm16a_default_noogs/quantum/quantum.o
                0x0000000000000238                ascii_to_keycode_lut
 .progmem.data.ascii_to_altgr_lut
                0x00000000000002b8       0x80 .build/obj_bm16a_default_noogs/quantum/quantum.o
                0x00000000000002b8                ascii_to_altgr_lut
 .progmem.data.ascii_to_shift_lut
                0x0000000000000338       0x80 .build/obj_bm16a_default_noogs/quantum/quantum.o
                0x0000000000000338                ascii_to_shift_lut
 .progmem.data.fn_actions
                0x00000000000003b8        0x0 .build/obj_bm16a_default_noogs/quantum/keymap_common.o
                0x00000000000003b8                fn_actions
 .progmem.data.RGBLED_RAINBOW_SWIRL_INTERVALS
                0x00000000000003b8        0x3 .build/obj_bm16a_default_noogs/quantum/rgblight.o
                0x00000000000003b8                RGBLED_RAINBOW_SWIRL_INTERVALS
 .progmem.data.RGBLED_RAINBOW_MOOD_INTERVALS
                0x00000000000003bb        0x3 .build/obj_bm16a_default_noogs/quantum/rgblight.o
                0x00000000000003bb                RGBLED_RAINBOW_MOOD_INTERVALS
 .progmem.data.RGBLED_BREATHING_INTERVALS
                0x00000000000003be        0x4 .build/obj_bm16a_default_noogs/quantum/rgblight.o
                0x00000000000003be                RGBLED_BREATHING_INTERVALS
 .progmem.data.rgblight_effect_breathe_table
                0x00000000000003c2      0x100 .build/obj_bm16a_default_noogs/quantum/rgblight.o
                0x00000000000003c2                rgblight_effect_breathe_table
 .progmem.data.RGBLED_GRADIENT_RANGES
                0x00000000000004c2        0x5 .build/obj_bm16a_default_noogs/quantum/rgblight.o
                0x00000000000004c2                RGBLED_GRADIENT_RANGES
 .progmem.data.CIE1931_CURVE
                0x00000000000004c7      0x100 .build/obj_bm16a_default_noogs/quantum/led_tables.o
                0x00000000000004c7                CIE1931_CURVE
 .progmem.data.SerialNumberString
                0x00000000000005c7        0x6 .build/obj_bm16a_default_noogs/usb_descriptor.o
                0x00000000000005c7                SerialNumberString
 .progmem.data.ProductString
                0x00000000000005cd        0xe .build/obj_bm16a_default_noogs/usb_descriptor.o
                0x00000000000005cd                ProductString
 .progmem.data.ManufacturerString
                0x00000000000005db       0x18 .build/obj_bm16a_default_noogs/usb_descriptor.o
                0x00000000000005db                ManufacturerString
 .progmem.data.LanguageString
                0x00000000000005f3        0x4 .build/obj_bm16a_default_noogs/usb_descriptor.o
                0x00000000000005f3                LanguageString
 .progmem.data.ConfigurationDescriptor
                0x00000000000005f7       0x3b .build/obj_bm16a_default_noogs/usb_descriptor.o
                0x00000000000005f7                ConfigurationDescriptor
 .progmem.data.DeviceDescriptor
                0x0000000000000632       0x12 .build/obj_bm16a_default_noogs/usb_descriptor.o
                0x0000000000000632                DeviceDescriptor
 .progmem.data.SharedReport
                0x0000000000000644       0xc0 .build/obj_bm16a_default_noogs/usb_descriptor.o
                0x0000000000000644                SharedReport
 .progmem.data.KeyboardReport
                0x0000000000000704       0x40 .build/obj_bm16a_default_noogs/usb_descriptor.o
                0x0000000000000704                KeyboardReport
                0x0000000000000744                . = ALIGN (0x2)
 *(.lowtext)
 *(.lowtext*)
                0x0000000000000744                __ctors_start = .
 *(.ctors)
                0x0000000000000744                __ctors_end = .
                0x0000000000000744                __dtors_start = .
 *(.dtors)
                0x0000000000000744                __dtors_end = .
 SORT_BY_NAME(*)(.ctors)
 SORT_BY_NAME(*)(.dtors)
 *(.init0)
 .init0         0x0000000000000744        0x0 /usr/local/Cellar/avr-gcc@8/8.3.0_1/lib/avr-gcc/8/gcc/avr/8.3.0/../../../../../../avr/lib/avr5/crtatmega32u4.o
                0x0000000000000744                __init
 *(.init0)
 *(.init1)
 *(.init1)
 *(.init2)
 .init2         0x0000000000000744        0xc /usr/local/Cellar/avr-gcc@8/8.3.0_1/lib/avr-gcc/8/gcc/avr/8.3.0/../../../../../../avr/lib/avr5/crtatmega32u4.o
 *(.init2)
 *(.init3)
 .init3         0x0000000000000750       0x54 .build/obj_bm16a_default_noogs/common/avr/bootloader.o
                0x0000000000000750                bootloader_jump_after_watchdog_reset
 *(.init3)
 *(.init4)
 .init4         0x00000000000007a4       0x16 /usr/local/Cellar/avr-gcc@8/8.3.0_1/lib/avr-gcc/8/gcc/avr/8.3.0/avr5/libgcc.a(_copy_data.o)
                0x00000000000007a4                __do_copy_data
 .init4         0x00000000000007ba       0x10 /usr/local/Cellar/avr-gcc@8/8.3.0_1/lib/avr-gcc/8/gcc/avr/8.3.0/avr5/libgcc.a(_clear_bss.o)
                0x00000000000007ba                __do_clear_bss
 *(.init4)
 *(.init5)
 *(.init5)
 *(.init6)
 *(.init6)
 *(.init7)
 *(.init7)
 *(.init8)
 *(.init8)
 *(.init9)
 .init9         0x00000000000007ca        0x8 /usr/local/Cellar/avr-gcc@8/8.3.0_1/lib/avr-gcc/8/gcc/avr/8.3.0/../../../../../../avr/lib/avr5/crtatmega32u4.o
 *(.init9)
 *(.text)
 .text          0x00000000000007d2        0x4 /usr/local/Cellar/avr-gcc@8/8.3.0_1/lib/avr-gcc/8/gcc/avr/8.3.0/../../../../../../avr/lib/avr5/crtatmega32u4.o
                0x00000000000007d2                __vector_42
                0x00000000000007d2                __vector_22
                0x00000000000007d2                __vector_28
                0x00000000000007d2                __vector_1
                0x00000000000007d2                __vector_32
                0x00000000000007d2                __vector_34
                0x00000000000007d2                __vector_24
                0x00000000000007d2                __bad_interrupt
                0x00000000000007d2                __vector_6
                0x00000000000007d2                __vector_31
                0x00000000000007d2                __vector_35
                0x00000000000007d2                __vector_39
                0x00000000000007d2                __vector_3
                0x00000000000007d2                __vector_23
                0x00000000000007d2                __vector_30
                0x00000000000007d2                __vector_25
                0x00000000000007d2                __vector_13
                0x00000000000007d2                __vector_17
                0x00000000000007d2                __vector_19
                0x00000000000007d2                __vector_7
                0x00000000000007d2                __vector_41
                0x00000000000007d2                __vector_27
                0x00000000000007d2                __vector_5
                0x00000000000007d2                __vector_33
                0x00000000000007d2                __vector_37
                0x00000000000007d2                __vector_4
                0x00000000000007d2                __vector_9
                0x00000000000007d2                __vector_2
                0x00000000000007d2                __vector_15
                0x00000000000007d2                __vector_36
                0x00000000000007d2                __vector_29
                0x00000000000007d2                __vector_40
                0x00000000000007d2                __vector_8
                0x00000000000007d2                __vector_26
                0x00000000000007d2                __vector_14
                0x00000000000007d2                __vector_16
                0x00000000000007d2                __vector_18
                0x00000000000007d2                __vector_20
                0x00000000000007d2                __vector_38
                0x00000000000007d6                . = ALIGN (0x2)
 *(.text.*)
 .text.matrix_init_kb
                0x00000000000007d6        0x4 .build/obj_bm16a_default_noogs/keyboards/bm16a/bm16a.o
                0x00000000000007d6                matrix_init_kb
 .text.matrix_scan_kb
                0x00000000000007da        0x4 .build/obj_bm16a_default_noogs/keyboards/bm16a/bm16a.o
                0x00000000000007da                matrix_scan_kb
 .text.process_record_kb
                0x00000000000007de        0x4 .build/obj_bm16a_default_noogs/keyboards/bm16a/bm16a.o
                0x00000000000007de                process_record_kb
 .text.led_set_kb
                0x00000000000007e2        0x4 .build/obj_bm16a_default_noogs/keyboards/bm16a/bm16a.o
                0x00000000000007e2                led_set_kb
 .text.process_record_user
                0x00000000000007e6      0x1a0 .build/obj_bm16a_default_noogs/keyboards/bm16a/keymaps/default_noogs/keymap.o
                0x00000000000007e6                process_record_user
 .text.eeconfig_init_user
                0x0000000000000986       0x14 .build/obj_bm16a_default_noogs/keyboards/bm16a/keymaps/default_noogs/keymap.o
                0x0000000000000986                eeconfig_init_user
 .text.layer_state_set_user
                0x000000000000099a       0x68 .build/obj_bm16a_default_noogs/keyboards/bm16a/keymaps/default_noogs/keymap.o
                0x000000000000099a                layer_state_set_user
 .text.process_action_kb
                0x0000000000000a02        0x4 .build/obj_bm16a_default_noogs/quantum/quantum.o
                0x0000000000000a02                process_action_kb
 .text.get_event_keycode
                0x0000000000000a06       0x62 .build/obj_bm16a_default_noogs/quantum/quantum.o
                0x0000000000000a06                get_event_keycode
 .text.get_record_keycode
                0x0000000000000a68       0x10 .build/obj_bm16a_default_noogs/quantum/quantum.o
                0x0000000000000a68                get_record_keycode
 .text.send_char
                0x0000000000000a78       0x5c .build/obj_bm16a_default_noogs/quantum/quantum.o
                0x0000000000000a78                send_char
 .text.send_string_with_delay_P
                0x0000000000000ad4       0x74 .build/obj_bm16a_default_noogs/quantum/quantum.o
                0x0000000000000ad4                send_string_with_delay_P
 .text.send_string_P
                0x0000000000000b48        0x6 .build/obj_bm16a_default_noogs/quantum/quantum.o
                0x0000000000000b48                send_string_P
 .text.bootmagic_lite
                0x0000000000000b4e       0x28 .build/obj_bm16a_default_noogs/quantum/quantum.o
                0x0000000000000b4e                bootmagic_lite
 .text.matrix_init_quantum
                0x0000000000000b76       0x18 .build/obj_bm16a_default_noogs/quantum/quantum.o
                0x0000000000000b76                matrix_init_quantum
 .text.matrix_scan_quantum
                0x0000000000000b8e        0x4 .build/obj_bm16a_default_noogs/quantum/quantum.o
                0x0000000000000b8e                matrix_scan_quantum
 .text.led_set_user
                0x0000000000000b92        0x2 .build/obj_bm16a_default_noogs/quantum/quantum.o
                0x0000000000000b92                led_set_user
 .text.led_update_user
                0x0000000000000b94        0x4 .build/obj_bm16a_default_noogs/quantum/quantum.o
                0x0000000000000b94                led_update_user
 .text.led_update_kb
                0x0000000000000b98        0x4 .build/obj_bm16a_default_noogs/quantum/quantum.o
                0x0000000000000b98                led_update_kb
 .text.led_set  0x0000000000000b9c       0x10 .build/obj_bm16a_default_noogs/quantum/quantum.o
                0x0000000000000b9c                led_set
 .text.shutdown_user
                0x0000000000000bac        0x2 .build/obj_bm16a_default_noogs/quantum/quantum.o
                0x0000000000000bac                shutdown_user
 .text.reset_keyboard
                0x0000000000000bae       0x1e .build/obj_bm16a_default_noogs/quantum/quantum.o
                0x0000000000000bae                reset_keyboard
 .text.process_record_quantum
                0x0000000000000bcc       0xbc .build/obj_bm16a_default_noogs/quantum/quantum.o
                0x0000000000000bcc                process_record_quantum
 .text.action_get_macro
                0x0000000000000c88        0x6 .build/obj_bm16a_default_noogs/quantum/keymap_common.o
                0x0000000000000c88                action_get_macro
 .text.action_function
                0x0000000000000c8e        0x2 .build/obj_bm16a_default_noogs/quantum/keymap_common.o
                0x0000000000000c8e                action_function
 .text.keymap_key_to_keycode
                0x0000000000000c90       0x28 .build/obj_bm16a_default_noogs/quantum/keymap_common.o
                0x0000000000000c90                keymap_key_to_keycode
 .text.keymap_function_id_to_action
                0x0000000000000cb8       0x10 .build/obj_bm16a_default_noogs/quantum/keymap_common.o
                0x0000000000000cb8                keymap_function_id_to_action
 .text.action_for_key
                0x0000000000000cc8      0x3cc .build/obj_bm16a_default_noogs/quantum/keymap_common.o
                0x0000000000000cc8                action_for_key
 .text.keycode_config
                0x0000000000001094      0x12e .build/obj_bm16a_default_noogs/quantum/keycode_config.o
                0x0000000000001094                keycode_config
 .text.mod_config
                0x00000000000011c2       0x86 .build/obj_bm16a_default_noogs/quantum/keycode_config.o
                0x00000000000011c2                mod_config
 .text.matrix_init_user
                0x0000000000001248        0x2 .build/obj_bm16a_default_noogs/quantum/matrix_common.o
                0x0000000000001248                matrix_init_user
 .text.matrix_scan_user
                0x000000000000124a        0x2 .build/obj_bm16a_default_noogs/quantum/matrix_common.o
                0x000000000000124a                matrix_scan_user
 .text.matrix_get_row
                0x000000000000124c        0xc .build/obj_bm16a_default_noogs/quantum/matrix_common.o
                0x000000000000124c                matrix_get_row
 .text.matrix_print
                0x0000000000001258        0x2 .build/obj_bm16a_default_noogs/quantum/matrix_common.o
                0x0000000000001258                matrix_print
 .text.matrix_init
                0x000000000000125a       0xa2 .build/obj_bm16a_default_noogs/quantum/matrix.o
                0x000000000000125a                matrix_init
 .text.matrix_scan
                0x00000000000012fc      0x10c .build/obj_bm16a_default_noogs/quantum/matrix.o
                0x00000000000012fc                matrix_scan
 .text.debounce_init
                0x0000000000001408        0x2 .build/obj_bm16a_default_noogs/quantum/debounce/sym_g.o
                0x0000000000001408                debounce_init
 .text.debounce
                0x000000000000140a       0x6c .build/obj_bm16a_default_noogs/quantum/debounce/sym_g.o
                0x000000000000140a                debounce
 .text.hsv_to_rgb
                0x0000000000001476      0x124 .build/obj_bm16a_default_noogs/quantum/color.o
                0x0000000000001476                hsv_to_rgb
 .text.rgblight_effect_dummy
                0x000000000000159a        0x2 .build/obj_bm16a_default_noogs/quantum/rgblight.o
 .text.sethsv_raw
                0x000000000000159c       0x1c .build/obj_bm16a_default_noogs/quantum/rgblight.o
                0x000000000000159c                sethsv_raw
 .text.rgblight_check_config
                0x00000000000015b8       0x1e .build/obj_bm16a_default_noogs/quantum/rgblight.o
                0x00000000000015b8                rgblight_check_config
 .text.eeconfig_read_rgblight
                0x00000000000015d6        0x8 .build/obj_bm16a_default_noogs/quantum/rgblight.o
                0x00000000000015d6                eeconfig_read_rgblight
 .text.eeconfig_update_rgblight
                0x00000000000015de       0x24 .build/obj_bm16a_default_noogs/quantum/rgblight.o
                0x00000000000015de                eeconfig_update_rgblight
 .text.eeconfig_update_rgblight_default
                0x0000000000001602       0x1e .build/obj_bm16a_default_noogs/quantum/rgblight.o
                0x0000000000001602                eeconfig_update_rgblight_default
 .text.rgblight_get_mode
                0x0000000000001620       0x10 .build/obj_bm16a_default_noogs/quantum/rgblight.o
                0x0000000000001620                rgblight_get_mode
 .text.rgblight_increase_speed
                0x0000000000001630       0x22 .build/obj_bm16a_default_noogs/quantum/rgblight.o
                0x0000000000001630                rgblight_increase_speed
 .text.rgblight_decrease_speed
                0x0000000000001652       0x22 .build/obj_bm16a_default_noogs/quantum/rgblight.o
                0x0000000000001652                rgblight_decrease_speed
 .text.rgblight_set
                0x0000000000001674       0x46 .build/obj_bm16a_default_noogs/quantum/rgblight.o
                0x0000000000001674                rgblight_set
 .text.rgblight_setrgb
                0x00000000000016ba       0x32 .build/obj_bm16a_default_noogs/quantum/rgblight.o
                0x00000000000016ba                rgblight_setrgb
 .text.rgblight_sethsv_noeeprom_old
                0x00000000000016ec       0x34 .build/obj_bm16a_default_noogs/quantum/rgblight.o
                0x00000000000016ec                rgblight_sethsv_noeeprom_old
 .text.rgblight_effect_breathing
                0x0000000000001720       0x28 .build/obj_bm16a_default_noogs/quantum/rgblight.o
                0x0000000000001720                rgblight_effect_breathing
 .text.rgblight_effect_rainbow_mood
                0x0000000000001748       0x20 .build/obj_bm16a_default_noogs/quantum/rgblight.o
                0x0000000000001748                rgblight_effect_rainbow_mood
 .text.rgblight_sethsv_eeprom_helper
                0x0000000000001768      0x124 .build/obj_bm16a_default_noogs/quantum/rgblight.o
                0x0000000000001768                rgblight_sethsv_eeprom_helper
 .text.rgblight_increase_hue_helper
                0x000000000000188c       0x14 .build/obj_bm16a_default_noogs/quantum/rgblight.o
                0x000000000000188c                rgblight_increase_hue_helper
 .text.rgblight_increase_hue
                0x00000000000018a0        0x6 .build/obj_bm16a_default_noogs/quantum/rgblight.o
                0x00000000000018a0                rgblight_increase_hue
 .text.rgblight_decrease_hue_helper
                0x00000000000018a6       0x14 .build/obj_bm16a_default_noogs/quantum/rgblight.o
                0x00000000000018a6                rgblight_decrease_hue_helper
 .text.rgblight_decrease_hue
                0x00000000000018ba        0x6 .build/obj_bm16a_default_noogs/quantum/rgblight.o
                0x00000000000018ba                rgblight_decrease_hue
 .text.rgblight_increase_sat_helper
                0x00000000000018c0       0x18 .build/obj_bm16a_default_noogs/quantum/rgblight.o
                0x00000000000018c0                rgblight_increase_sat_helper
 .text.rgblight_increase_sat
                0x00000000000018d8        0x6 .build/obj_bm16a_default_noogs/quantum/rgblight.o
                0x00000000000018d8                rgblight_increase_sat
 .text.rgblight_decrease_sat_helper
                0x00000000000018de       0x18 .build/obj_bm16a_default_noogs/quantum/rgblight.o
                0x00000000000018de                rgblight_decrease_sat_helper
 .text.rgblight_decrease_sat
                0x00000000000018f6        0x6 .build/obj_bm16a_default_noogs/quantum/rgblight.o
                0x00000000000018f6                rgblight_decrease_sat
 .text.rgblight_increase_val_helper
                0x00000000000018fc       0x18 .build/obj_bm16a_default_noogs/quantum/rgblight.o
                0x00000000000018fc                rgblight_increase_val_helper
 .text.rgblight_increase_val
                0x0000000000001914        0x6 .build/obj_bm16a_default_noogs/quantum/rgblight.o
                0x0000000000001914                rgblight_increase_val
 .text.rgblight_decrease_val_helper
                0x000000000000191a       0x18 .build/obj_bm16a_default_noogs/quantum/rgblight.o
                0x000000000000191a                rgblight_decrease_val_helper
 .text.rgblight_decrease_val
                0x0000000000001932        0x6 .build/obj_bm16a_default_noogs/quantum/rgblight.o
                0x0000000000001932                rgblight_decrease_val
 .text.rgblight_sethsv
                0x0000000000001938        0x6 .build/obj_bm16a_default_noogs/quantum/rgblight.o
                0x0000000000001938                rgblight_sethsv
 .text.rgblight_sethsv_noeeprom
                0x000000000000193e        0x6 .build/obj_bm16a_default_noogs/quantum/rgblight.o
                0x000000000000193e                rgblight_sethsv_noeeprom
 .text.rgblight_effect_rainbow_swirl
                0x0000000000001944       0x7a .build/obj_bm16a_default_noogs/quantum/rgblight.o
                0x0000000000001944                rgblight_effect_rainbow_swirl
 .text.rgblight_effect_christmas
                0x00000000000019be       0x76 .build/obj_bm16a_default_noogs/quantum/rgblight.o
                0x00000000000019be                rgblight_effect_christmas
 .text.rgblight_disable
                0x0000000000001a34       0x30 .build/obj_bm16a_default_noogs/quantum/rgblight.o
                0x0000000000001a34                rgblight_disable
 .text.rgblight_disable_noeeprom
                0x0000000000001a64       0x24 .build/obj_bm16a_default_noogs/quantum/rgblight.o
                0x0000000000001a64                rgblight_disable_noeeprom
 .text.rgblight_timer_enable
                0x0000000000001a88       0x2c .build/obj_bm16a_default_noogs/quantum/rgblight.o
                0x0000000000001a88                rgblight_timer_enable
 .text.rgblight_mode_eeprom_helper
                0x0000000000001ab4       0x74 .build/obj_bm16a_default_noogs/quantum/rgblight.o
                0x0000000000001ab4                rgblight_mode_eeprom_helper
 .text.rgblight_step_helper
                0x0000000000001b28       0x16 .build/obj_bm16a_default_noogs/quantum/rgblight.o
                0x0000000000001b28                rgblight_step_helper
 .text.rgblight_step
                0x0000000000001b3e        0x6 .build/obj_bm16a_default_noogs/quantum/rgblight.o
                0x0000000000001b3e                rgblight_step
 .text.rgblight_step_reverse_helper
                0x0000000000001b44       0x14 .build/obj_bm16a_default_noogs/quantum/rgblight.o
                0x0000000000001b44                rgblight_step_reverse_helper
 .text.rgblight_step_reverse
                0x0000000000001b58        0x6 .build/obj_bm16a_default_noogs/quantum/rgblight.o
                0x0000000000001b58                rgblight_step_reverse
 .text.rgblight_mode
                0x0000000000001b5e        0x6 .build/obj_bm16a_default_noogs/quantum/rgblight.o
                0x0000000000001b5e                rgblight_mode
 .text.rgblight_enable
                0x0000000000001b64       0x10 .build/obj_bm16a_default_noogs/quantum/rgblight.o
                0x0000000000001b64                rgblight_enable
 .text.rgblight_toggle
                0x0000000000001b74        0xe .build/obj_bm16a_default_noogs/quantum/rgblight.o
                0x0000000000001b74                rgblight_toggle
 .text.rgblight_mode_noeeprom
                0x0000000000001b82        0x6 .build/obj_bm16a_default_noogs/quantum/rgblight.o
                0x0000000000001b82                rgblight_mode_noeeprom
 .text.rgblight_init
                0x0000000000001b88       0x66 .build/obj_bm16a_default_noogs/quantum/rgblight.o
                0x0000000000001b88                rgblight_init
 .text.rgblight_enable_noeeprom
                0x0000000000001bee       0x10 .build/obj_bm16a_default_noogs/quantum/rgblight.o
                0x0000000000001bee                rgblight_enable_noeeprom
 .text.rgblight_task
                0x0000000000001bfe       0xe6 .build/obj_bm16a_default_noogs/quantum/rgblight.o
                0x0000000000001bfe                rgblight_task
 .text.handleKeycodeRGB
                0x0000000000001ce4        0xa .build/obj_bm16a_default_noogs/quantum/process_keycode/process_rgb.o
 .text.handleKeycodeRGBMode
                0x0000000000001cee       0x2a .build/obj_bm16a_default_noogs/quantum/process_keycode/process_rgb.o
 .text.process_rgb
                0x0000000000001d18       0xd0 .build/obj_bm16a_default_noogs/quantum/process_keycode/process_rgb.o
                0x0000000000001d18                process_rgb
 .text.backlight_init
                0x0000000000001de8       0x38 .build/obj_bm16a_default_noogs/quantum/backlight/backlight.o
                0x0000000000001de8                backlight_init
 .text.backlight_increase
                0x0000000000001e20       0x3c .build/obj_bm16a_default_noogs/quantum/backlight/backlight.o
                0x0000000000001e20                backlight_increase
 .text.backlight_decrease
                0x0000000000001e5c       0x36 .build/obj_bm16a_default_noogs/quantum/backlight/backlight.o
                0x0000000000001e5c                backlight_decrease
 .text.backlight_enable
                0x0000000000001e92       0x30 .build/obj_bm16a_default_noogs/quantum/backlight/backlight.o
                0x0000000000001e92                backlight_enable
 .text.backlight_disable
                0x0000000000001ec2       0x1a .build/obj_bm16a_default_noogs/quantum/backlight/backlight.o
                0x0000000000001ec2                backlight_disable
 .text.backlight_toggle
                0x0000000000001edc        0xe .build/obj_bm16a_default_noogs/quantum/backlight/backlight.o
                0x0000000000001edc                backlight_toggle
 .text.backlight_step
                0x0000000000001eea       0x52 .build/obj_bm16a_default_noogs/quantum/backlight/backlight.o
                0x0000000000001eea                backlight_step
 .text.backlight_level_noeeprom
                0x0000000000001f3c       0x32 .build/obj_bm16a_default_noogs/quantum/backlight/backlight.o
                0x0000000000001f3c                backlight_level_noeeprom
 .text.backlight_level
                0x0000000000001f6e        0xc .build/obj_bm16a_default_noogs/quantum/backlight/backlight.o
                0x0000000000001f6e                backlight_level
 .text.backlight_on
                0x0000000000001f7a       0x22 .build/obj_bm16a_default_noogs/quantum/backlight/backlight_avr.o
                0x0000000000001f7a                backlight_on
 .text.backlight_set
                0x0000000000001f9c       0xae .build/obj_bm16a_default_noogs/quantum/backlight/backlight_avr.o
                0x0000000000001f9c                backlight_set
 .text.backlight_task
                0x000000000000204a        0x2 .build/obj_bm16a_default_noogs/quantum/backlight/backlight_avr.o
                0x000000000000204a                backlight_task
 .text.backlight_init_ports
                0x000000000000204c       0x24 .build/obj_bm16a_default_noogs/quantum/backlight/backlight_avr.o
                0x000000000000204c                backlight_init_ports
 .text.ws2812_sendarray_mask
                0x0000000000002070       0x44 .build/obj_bm16a_default_noogs/ws2812.o
                0x0000000000002070                ws2812_sendarray_mask
 .text.ws2812_setleds_pin
                0x00000000000020b4       0x22 .build/obj_bm16a_default_noogs/ws2812.o
                0x00000000000020b4                ws2812_setleds_pin
 .text.ws2812_setleds
                0x00000000000020d6        0x6 .build/obj_bm16a_default_noogs/ws2812.o
                0x00000000000020d6                ws2812_setleds
 .text.perform_space_cadet
                0x00000000000020dc       0xda .build/obj_bm16a_default_noogs/quantum/process_keycode/process_space_cadet.o
                0x00000000000020dc                perform_space_cadet
 .text.process_space_cadet
                0x00000000000021b6       0x82 .build/obj_bm16a_default_noogs/quantum/process_keycode/process_space_cadet.o
                0x00000000000021b6                process_space_cadet
 .text.process_magic
                0x0000000000002238      0x246 .build/obj_bm16a_default_noogs/quantum/process_keycode/process_magic.o
                0x0000000000002238                process_magic
 .text.host_set_driver
                0x000000000000247e        0xa .build/obj_bm16a_default_noogs/common/host.o
                0x000000000000247e                host_set_driver
 .text.host_keyboard_leds
                0x0000000000002488       0x18 .build/obj_bm16a_default_noogs/common/host.o
                0x0000000000002488                host_keyboard_leds
 .text.host_keyboard_send
                0x00000000000024a0       0x34 .build/obj_bm16a_default_noogs/common/host.o
                0x00000000000024a0                host_keyboard_send
 .text.host_mouse_send
                0x00000000000024d4       0x1c .build/obj_bm16a_default_noogs/common/host.o
                0x00000000000024d4                host_mouse_send
 .text.host_system_send
                0x00000000000024f0       0x2c .build/obj_bm16a_default_noogs/common/host.o
                0x00000000000024f0                host_system_send
 .text.host_consumer_send
                0x000000000000251c       0x2c .build/obj_bm16a_default_noogs/common/host.o
                0x000000000000251c                host_consumer_send
 .text.disable_jtag
                0x0000000000002548        0xe .build/obj_bm16a_default_noogs/common/keyboard.o
                0x0000000000002548                disable_jtag
 .text.keyboard_pre_init_user
                0x0000000000002556        0x2 .build/obj_bm16a_default_noogs/common/keyboard.o
                0x0000000000002556                keyboard_pre_init_user
 .text.matrix_setup
                0x0000000000002558        0x2 .build/obj_bm16a_default_noogs/common/keyboard.o
                0x0000000000002558                matrix_setup
 .text.keyboard_pre_init_kb
                0x000000000000255a        0x4 .build/obj_bm16a_default_noogs/common/keyboard.o
                0x000000000000255a                keyboard_pre_init_kb
 .text.keyboard_post_init_user
                0x000000000000255e        0x2 .build/obj_bm16a_default_noogs/common/keyboard.o
                0x000000000000255e                keyboard_post_init_user
 .text.keyboard_post_init_kb
                0x0000000000002560        0x4 .build/obj_bm16a_default_noogs/common/keyboard.o
                0x0000000000002560                keyboard_post_init_kb
 .text.keyboard_setup
                0x0000000000002564        0xc .build/obj_bm16a_default_noogs/common/keyboard.o
                0x0000000000002564                keyboard_setup
 .text.is_keyboard_master
                0x0000000000002570        0x4 .build/obj_bm16a_default_noogs/common/keyboard.o
                0x0000000000002570                is_keyboard_master
 .text.keyboard_init
                0x0000000000002574       0x18 .build/obj_bm16a_default_noogs/common/keyboard.o
                0x0000000000002574                keyboard_init
 .text.keyboard_task
                0x000000000000258c      0x13c .build/obj_bm16a_default_noogs/common/keyboard.o
                0x000000000000258c                keyboard_task
 .text.action_exec
                0x00000000000026c8       0x54 .build/obj_bm16a_default_noogs/common/action.o
                0x00000000000026c8                action_exec
 .text.process_record_tap_hint
                0x000000000000271c        0xa .build/obj_bm16a_default_noogs/common/action.o
                0x000000000000271c                process_record_tap_hint
 .text.register_code
                0x0000000000002726      0x212 .build/obj_bm16a_default_noogs/common/action.o
                0x0000000000002726                register_code
 .text.unregister_code
                0x0000000000002938       0xac .build/obj_bm16a_default_noogs/common/action.o
                0x0000000000002938                unregister_code
 .text.tap_code
                0x00000000000029e4       0x26 .build/obj_bm16a_default_noogs/common/action.o
                0x00000000000029e4                tap_code
 .text.register_mods
                0x0000000000002a0a        0xe .build/obj_bm16a_default_noogs/common/action.o
                0x0000000000002a0a                register_mods
 .text.unregister_mods
                0x0000000000002a18        0xe .build/obj_bm16a_default_noogs/common/action.o
                0x0000000000002a18                unregister_mods
 .text.process_action
                0x0000000000002a26      0x4de .build/obj_bm16a_default_noogs/common/action.o
                0x0000000000002a26                process_action
 .text.process_record
                0x0000000000002f04       0x54 .build/obj_bm16a_default_noogs/common/action.o
                0x0000000000002f04                process_record
 .text.clear_keyboard_but_mods_and_keys
                0x0000000000002f58       0x24 .build/obj_bm16a_default_noogs/common/action.o
                0x0000000000002f58                clear_keyboard_but_mods_and_keys
 .text.clear_keyboard_but_mods
                0x0000000000002f7c        0x8 .build/obj_bm16a_default_noogs/common/action.o
                0x0000000000002f7c                clear_keyboard_but_mods
 .text.clear_keyboard
                0x0000000000002f84        0x8 .build/obj_bm16a_default_noogs/common/action.o
                0x0000000000002f84                clear_keyboard
 .text.is_tap_action
                0x0000000000002f8c       0x3e .build/obj_bm16a_default_noogs/common/action.o
                0x0000000000002f8c                is_tap_action
 .text.is_tap_key
                0x0000000000002fca        0x8 .build/obj_bm16a_default_noogs/common/action.o
                0x0000000000002fca                is_tap_key
 .text.debug_event
                0x0000000000002fd2       0x1e .build/obj_bm16a_default_noogs/common/action.o
                0x0000000000002fd2                debug_event
 .text.debug_record
                0x0000000000002ff0       0x20 .build/obj_bm16a_default_noogs/common/action.o
                0x0000000000002ff0                debug_record
 .text.debug_waiting_buffer
                0x0000000000003010       0x42 .build/obj_bm16a_default_noogs/common/action_tapping.o
 .text.debug_tapping_key
                0x0000000000003052       0x1c .build/obj_bm16a_default_noogs/common/action_tapping.o
 .text.waiting_buffer_scan_tap
                0x000000000000306e       0xc8 .build/obj_bm16a_default_noogs/common/action_tapping.o
 .text.process_tapping
                0x0000000000003136      0x38e .build/obj_bm16a_default_noogs/common/action_tapping.o
 .text.action_tapping_process
                0x00000000000034c4      0x134 .build/obj_bm16a_default_noogs/common/action_tapping.o
                0x00000000000034c4                action_tapping_process
 .text.action_macro_play
                0x00000000000035f8       0xf0 .build/obj_bm16a_default_noogs/common/action_macro.o
                0x00000000000035f8                action_macro_play
 .text.default_layer_state_set_user
                0x00000000000036e8        0x2 .build/obj_bm16a_default_noogs/common/action_layer.o
                0x00000000000036e8                default_layer_state_set_user
 .text.default_layer_state_set_kb
                0x00000000000036ea        0x4 .build/obj_bm16a_default_noogs/common/action_layer.o
                0x00000000000036ea                default_layer_state_set_kb
 .text.default_layer_state_set
                0x00000000000036ee       0x18 .build/obj_bm16a_default_noogs/common/action_layer.o
 .text.default_layer_debug
                0x0000000000003706        0x2 .build/obj_bm16a_default_noogs/common/action_layer.o
                0x0000000000003706                default_layer_debug
 .text.default_layer_set
                0x0000000000003708        0x4 .build/obj_bm16a_default_noogs/common/action_layer.o
                0x0000000000003708                default_layer_set
 .text.default_layer_or
                0x000000000000370c       0x24 .build/obj_bm16a_default_noogs/common/action_layer.o
                0x000000000000370c                default_layer_or
 .text.default_layer_and
                0x0000000000003730       0x24 .build/obj_bm16a_default_noogs/common/action_layer.o
                0x0000000000003730                default_layer_and
 .text.default_layer_xor
                0x0000000000003754       0x24 .build/obj_bm16a_default_noogs/common/action_layer.o
                0x0000000000003754                default_layer_xor
 .text.layer_state_set_kb
                0x0000000000003778        0x4 .build/obj_bm16a_default_noogs/common/action_layer.o
                0x0000000000003778                layer_state_set_kb
 .text.layer_state_set
                0x000000000000377c       0x18 .build/obj_bm16a_default_noogs/common/action_layer.o
                0x000000000000377c                layer_state_set
 .text.layer_clear
                0x0000000000003794        0xa .build/obj_bm16a_default_noogs/common/action_layer.o
                0x0000000000003794                layer_clear
 .text.layer_move
                0x000000000000379e       0x2a .build/obj_bm16a_default_noogs/common/action_layer.o
                0x000000000000379e                layer_move
 .text.layer_on
                0x00000000000037c8       0x42 .build/obj_bm16a_default_noogs/common/action_layer.o
                0x00000000000037c8                layer_on
 .text.layer_off
                0x000000000000380a       0x46 .build/obj_bm16a_default_noogs/common/action_layer.o
                0x000000000000380a                layer_off
 .text.layer_invert
                0x0000000000003850       0x42 .build/obj_bm16a_default_noogs/common/action_layer.o
                0x0000000000003850                layer_invert
 .text.layer_or
                0x0000000000003892       0x24 .build/obj_bm16a_default_noogs/common/action_layer.o
                0x0000000000003892                layer_or
 .text.layer_and
                0x00000000000038b6       0x24 .build/obj_bm16a_default_noogs/common/action_layer.o
                0x00000000000038b6                layer_and
 .text.layer_xor
                0x00000000000038da       0x24 .build/obj_bm16a_default_noogs/common/action_layer.o
                0x00000000000038da                layer_xor
 .text.layer_debug
                0x00000000000038fe        0x2 .build/obj_bm16a_default_noogs/common/action_layer.o
                0x00000000000038fe                layer_debug
 .text.update_source_layers_cache
                0x0000000000003900       0x58 .build/obj_bm16a_default_noogs/common/action_layer.o
                0x0000000000003900                update_source_layers_cache
 .text.read_source_layers_cache
                0x0000000000003958       0x4e .build/obj_bm16a_default_noogs/common/action_layer.o
                0x0000000000003958                read_source_layers_cache
 .text.layer_switch_get_layer
                0x00000000000039a6       0x84 .build/obj_bm16a_default_noogs/common/action_layer.o
                0x00000000000039a6                layer_switch_get_layer
 .text.layer_switch_get_action
                0x0000000000003a2a       0x14 .build/obj_bm16a_default_noogs/common/action_layer.o
                0x0000000000003a2a                layer_switch_get_action
 .text.store_or_get_action
                0x0000000000003a3e       0x48 .build/obj_bm16a_default_noogs/common/action_layer.o
                0x0000000000003a3e                store_or_get_action
 .text.add_key  0x0000000000003a86        0xe .build/obj_bm16a_default_noogs/common/action_util.o
                0x0000000000003a86                add_key
 .text.del_key  0x0000000000003a94        0xe .build/obj_bm16a_default_noogs/common/action_util.o
                0x0000000000003a94                del_key
 .text.clear_keys
                0x0000000000003aa2        0xc .build/obj_bm16a_default_noogs/common/action_util.o
                0x0000000000003aa2                clear_keys
 .text.get_oneshot_layer
                0x0000000000003aae        0xc .build/obj_bm16a_default_noogs/common/action_util.o
                0x0000000000003aae                get_oneshot_layer
 .text.get_oneshot_layer_state
                0x0000000000003aba        0x8 .build/obj_bm16a_default_noogs/common/action_util.o
                0x0000000000003aba                get_oneshot_layer_state
 .text.is_oneshot_layer_active
                0x0000000000003ac2        0xe .build/obj_bm16a_default_noogs/common/action_util.o
                0x0000000000003ac2                is_oneshot_layer_active
 .text.get_mods
                0x0000000000003ad0        0x6 .build/obj_bm16a_default_noogs/common/action_util.o
                0x0000000000003ad0                get_mods
 .text.add_mods
                0x0000000000003ad6        0xc .build/obj_bm16a_default_noogs/common/action_util.o
                0x0000000000003ad6                add_mods
 .text.del_mods
                0x0000000000003ae2        0xe .build/obj_bm16a_default_noogs/common/action_util.o
                0x0000000000003ae2                del_mods
 .text.clear_mods
                0x0000000000003af0        0x6 .build/obj_bm16a_default_noogs/common/action_util.o
                0x0000000000003af0                clear_mods
 .text.add_weak_mods
                0x0000000000003af6        0xc .build/obj_bm16a_default_noogs/common/action_util.o
                0x0000000000003af6                add_weak_mods
 .text.del_weak_mods
                0x0000000000003b02        0xe .build/obj_bm16a_default_noogs/common/action_util.o
                0x0000000000003b02                del_weak_mods
 .text.clear_weak_mods
                0x0000000000003b10        0x6 .build/obj_bm16a_default_noogs/common/action_util.o
                0x0000000000003b10                clear_weak_mods
 .text.add_macro_mods
                0x0000000000003b16        0xc .build/obj_bm16a_default_noogs/common/action_util.o
                0x0000000000003b16                add_macro_mods
 .text.del_macro_mods
                0x0000000000003b22        0xe .build/obj_bm16a_default_noogs/common/action_util.o
                0x0000000000003b22                del_macro_mods
 .text.clear_macro_mods
                0x0000000000003b30        0x6 .build/obj_bm16a_default_noogs/common/action_util.o
                0x0000000000003b30                clear_macro_mods
 .text.get_oneshot_mods
                0x0000000000003b36        0x6 .build/obj_bm16a_default_noogs/common/action_util.o
                0x0000000000003b36                get_oneshot_mods
 .text.oneshot_mods_changed_user
                0x0000000000003b3c        0x2 .build/obj_bm16a_default_noogs/common/action_util.o
                0x0000000000003b3c                oneshot_mods_changed_user
 .text.oneshot_mods_changed_kb
                0x0000000000003b3e        0x4 .build/obj_bm16a_default_noogs/common/action_util.o
                0x0000000000003b3e                oneshot_mods_changed_kb
 .text.set_oneshot_mods
                0x0000000000003b42       0x12 .build/obj_bm16a_default_noogs/common/action_util.o
                0x0000000000003b42                set_oneshot_mods
 .text.clear_oneshot_mods
                0x0000000000003b54       0x14 .build/obj_bm16a_default_noogs/common/action_util.o
                0x0000000000003b54                clear_oneshot_mods
 .text.send_keyboard_report
                0x0000000000003b68       0x66 .build/obj_bm16a_default_noogs/common/action_util.o
                0x0000000000003b68                send_keyboard_report
 .text.oneshot_layer_changed_user
                0x0000000000003bce        0x2 .build/obj_bm16a_default_noogs/common/action_util.o
                0x0000000000003bce                oneshot_layer_changed_user
 .text.oneshot_layer_changed_kb
                0x0000000000003bd0        0x4 .build/obj_bm16a_default_noogs/common/action_util.o
                0x0000000000003bd0                oneshot_layer_changed_kb
 .text.set_oneshot_layer
                0x0000000000003bd4       0x20 .build/obj_bm16a_default_noogs/common/action_util.o
                0x0000000000003bd4                set_oneshot_layer
 .text.reset_oneshot_layer
                0x0000000000003bf4        0xa .build/obj_bm16a_default_noogs/common/action_util.o
                0x0000000000003bf4                reset_oneshot_layer
 .text.clear_oneshot_layer_state
                0x0000000000003bfe       0x30 .build/obj_bm16a_default_noogs/common/action_util.o
                0x0000000000003bfe                clear_oneshot_layer_state
 .text.biton32  0x0000000000003c2e       0x9a .build/obj_bm16a_default_noogs/common/util.o
                0x0000000000003c2e                biton32
 .text.eeconfig_disable
                0x0000000000003cc8        0xc .build/obj_bm16a_default_noogs/common/eeconfig.o
                0x0000000000003cc8                eeconfig_disable
 .text.eeconfig_is_enabled
                0x0000000000003cd4       0x16 .build/obj_bm16a_default_noogs/common/eeconfig.o
                0x0000000000003cd4                eeconfig_is_enabled
 .text.eeconfig_read_debug
                0x0000000000003cea        0x8 .build/obj_bm16a_default_noogs/common/eeconfig.o
                0x0000000000003cea                eeconfig_read_debug
 .text.eeconfig_read_default_layer
                0x0000000000003cf2        0x8 .build/obj_bm16a_default_noogs/common/eeconfig.o
                0x0000000000003cf2                eeconfig_read_default_layer
 .text.eeconfig_read_keymap
                0x0000000000003cfa       0x1c .build/obj_bm16a_default_noogs/common/eeconfig.o
                0x0000000000003cfa                eeconfig_read_keymap
 .text.eeconfig_update_keymap
                0x0000000000003d16       0x1a .build/obj_bm16a_default_noogs/common/eeconfig.o
                0x0000000000003d16                eeconfig_update_keymap
 .text.eeconfig_read_backlight
                0x0000000000003d30        0x8 .build/obj_bm16a_default_noogs/common/eeconfig.o
                0x0000000000003d30                eeconfig_read_backlight
 .text.eeconfig_update_backlight
                0x0000000000003d38        0xa .build/obj_bm16a_default_noogs/common/eeconfig.o
                0x0000000000003d38                eeconfig_update_backlight
 .text.eeconfig_update_kb
                0x0000000000003d42        0xc .build/obj_bm16a_default_noogs/common/eeconfig.o
                0x0000000000003d42                eeconfig_update_kb
 .text.eeconfig_init_kb
                0x0000000000003d4e        0xe .build/obj_bm16a_default_noogs/common/eeconfig.o
                0x0000000000003d4e                eeconfig_init_kb
 .text.eeconfig_init_quantum
                0x0000000000003d5c       0xae .build/obj_bm16a_default_noogs/common/eeconfig.o
                0x0000000000003d5c                eeconfig_init_quantum
 .text.eeconfig_init
                0x0000000000003e0a        0x4 .build/obj_bm16a_default_noogs/common/eeconfig.o
                0x0000000000003e0a                eeconfig_init
 .text.eeconfig_update_handedness
                0x0000000000003e0e        0xa .build/obj_bm16a_default_noogs/common/eeconfig.o
                0x0000000000003e0e                eeconfig_update_handedness
 .text.has_anykey
                0x0000000000003e18       0x28 .build/obj_bm16a_default_noogs/common/report.o
                0x0000000000003e18                has_anykey
 .text.add_key_byte
                0x0000000000003e40       0x34 .build/obj_bm16a_default_noogs/common/report.o
                0x0000000000003e40                add_key_byte
 .text.del_key_byte
                0x0000000000003e74       0x1a .build/obj_bm16a_default_noogs/common/report.o
                0x0000000000003e74                del_key_byte
 .text.add_key_bit
                0x0000000000003e8e       0x28 .build/obj_bm16a_default_noogs/common/report.o
                0x0000000000003e8e                add_key_bit
 .text.del_key_bit
                0x0000000000003eb6       0x2a .build/obj_bm16a_default_noogs/common/report.o
                0x0000000000003eb6                del_key_bit
 .text.add_key_to_report
                0x0000000000003ee0       0x16 .build/obj_bm16a_default_noogs/common/report.o
                0x0000000000003ee0                add_key_to_report
 .text.del_key_from_report
                0x0000000000003ef6       0x16 .build/obj_bm16a_default_noogs/common/report.o
                0x0000000000003ef6                del_key_from_report
 .text.clear_keys_from_report
                0x0000000000003f0c       0x24 .build/obj_bm16a_default_noogs/common/report.o
                0x0000000000003f0c                clear_keys_from_report
 .text.matrix_power_up
                0x0000000000003f30        0x2 .build/obj_bm16a_default_noogs/common/avr/suspend.o
                0x0000000000003f30                matrix_power_up
 .text.suspend_power_down_user
                0x0000000000003f32        0x2 .build/obj_bm16a_default_noogs/common/avr/suspend.o
                0x0000000000003f32                suspend_power_down_user
 .text.suspend_power_down_kb
                0x0000000000003f34        0x4 .build/obj_bm16a_default_noogs/common/avr/suspend.o
                0x0000000000003f34                suspend_power_down_kb
 .text.suspend_power_down
                0x0000000000003f38       0x66 .build/obj_bm16a_default_noogs/common/avr/suspend.o
                0x0000000000003f38                suspend_power_down
 .text.matrix_power_down
                0x0000000000003f9e        0x2 .build/obj_bm16a_default_noogs/common/avr/suspend.o
                0x0000000000003f9e                matrix_power_down
 .text.suspend_wakeup_condition
                0x0000000000003fa0       0x28 .build/obj_bm16a_default_noogs/common/avr/suspend.o
                0x0000000000003fa0                suspend_wakeup_condition
 .text.suspend_wakeup_init_user
                0x0000000000003fc8        0x2 .build/obj_bm16a_default_noogs/common/avr/suspend.o
                0x0000000000003fc8                suspend_wakeup_init_user
 .text.suspend_wakeup_init_kb
                0x0000000000003fca        0x4 .build/obj_bm16a_default_noogs/common/avr/suspend.o
                0x0000000000003fca                suspend_wakeup_init_kb
 .text.suspend_wakeup_init
                0x0000000000003fce       0x14 .build/obj_bm16a_default_noogs/common/avr/suspend.o
                0x0000000000003fce                suspend_wakeup_init
 .text.__vector_12
                0x0000000000003fe2       0x4e .build/obj_bm16a_default_noogs/common/avr/suspend.o
                0x0000000000003fe2                __vector_12
 .text.timer_init
                0x0000000000004030       0x12 .build/obj_bm16a_default_noogs/common/avr/timer.o
                0x0000000000004030                timer_init
 .text.timer_read
                0x0000000000004042       0x18 .build/obj_bm16a_default_noogs/common/avr/timer.o
                0x0000000000004042                timer_read
 .text.timer_elapsed
                0x000000000000405a       0x54 .build/obj_bm16a_default_noogs/common/avr/timer.o
                0x000000000000405a                timer_elapsed
 .text.__vector_21
                0x00000000000040ae       0x48 .build/obj_bm16a_default_noogs/common/avr/timer.o
                0x00000000000040ae                __vector_21
 .text.bootloader_jump
                0x00000000000040f6       0x48 .build/obj_bm16a_default_noogs/common/avr/bootloader.o
                0x00000000000040f6                bootloader_jump
 .text.magic    0x000000000000413e       0x30 .build/obj_bm16a_default_noogs/common/magic.o
                0x000000000000413e                magic
 .text.move_unit
                0x000000000000416e       0x94 .build/obj_bm16a_default_noogs/common/mousekey.o
 .text.wheel_unit
                0x0000000000004202       0x72 .build/obj_bm16a_default_noogs/common/mousekey.o
 .text.mousekey_on
                0x0000000000004274       0xd0 .build/obj_bm16a_default_noogs/common/mousekey.o
                0x0000000000004274                mousekey_on
 .text.mousekey_off
                0x0000000000004344       0xfe .build/obj_bm16a_default_noogs/common/mousekey.o
                0x0000000000004344                mousekey_off
 .text.mousekey_send
                0x0000000000004442       0x16 .build/obj_bm16a_default_noogs/common/mousekey.o
                0x0000000000004442                mousekey_send
 .text.mousekey_task
                0x0000000000004458      0x12e .build/obj_bm16a_default_noogs/common/mousekey.o
                0x0000000000004458                mousekey_task
 .text.mousekey_clear
                0x0000000000004586       0x18 .build/obj_bm16a_default_noogs/common/mousekey.o
                0x0000000000004586                mousekey_clear
 .text.keyboard_leds
                0x000000000000459e        0x6 .build/obj_bm16a_default_noogs/lufa.o
 .text.send_consumer
                0x00000000000045a4       0x76 .build/obj_bm16a_default_noogs/lufa.o
 .text.send_system
                0x000000000000461a       0x6c .build/obj_bm16a_default_noogs/lufa.o
 .text.send_mouse
                0x0000000000004686       0x56 .build/obj_bm16a_default_noogs/lufa.o
 .text.send_keyboard
                0x00000000000046dc       0x8c .build/obj_bm16a_default_noogs/lufa.o
 .text.EVENT_USB_Device_Connect
                0x0000000000004768       0x1c .build/obj_bm16a_default_noogs/lufa.o
                0x0000000000004768                EVENT_USB_Device_Connect
 .text.EVENT_USB_Device_Disconnect
                0x0000000000004784        0x6 .build/obj_bm16a_default_noogs/lufa.o
                0x0000000000004784                EVENT_USB_Device_Disconnect
 .text.EVENT_USB_Device_Reset
                0x000000000000478a        0x2 .build/obj_bm16a_default_noogs/lufa.o
                0x000000000000478a                EVENT_USB_Device_Reset
 .text.EVENT_USB_Device_Suspend
                0x000000000000478c        0x2 .build/obj_bm16a_default_noogs/lufa.o
                0x000000000000478c                EVENT_USB_Device_Suspend
 .text.EVENT_USB_Device_WakeUp
                0x000000000000478e        0x4 .build/obj_bm16a_default_noogs/lufa.o
                0x000000000000478e                EVENT_USB_Device_WakeUp
 .text.EVENT_USB_Device_ConfigurationChanged
                0x0000000000004792       0x14 .build/obj_bm16a_default_noogs/lufa.o
                0x0000000000004792                EVENT_USB_Device_ConfigurationChanged
 .text.EVENT_USB_Device_ControlRequest
                0x00000000000047a6      0x16e .build/obj_bm16a_default_noogs/lufa.o
                0x00000000000047a6                EVENT_USB_Device_ControlRequest
 .text.startup.main
                0x0000000000004914       0x7e .build/obj_bm16a_default_noogs/lufa.o
                0x0000000000004914                main
 .text.CALLBACK_USB_GetDescriptor
                0x0000000000004992        0x4 .build/obj_bm16a_default_noogs/lufa.o
                0x0000000000004992                CALLBACK_USB_GetDescriptor
 .text.get_usb_descriptor
                0x0000000000004996       0xbc .build/obj_bm16a_default_noogs/usb_descriptor.o
                0x0000000000004996                get_usb_descriptor
 .text.auto_detect_output
                0x0000000000004a52       0x10 .build/obj_bm16a_default_noogs/outputselect.o
                0x0000000000004a52                auto_detect_output
 .text.where_to_send
                0x0000000000004a62        0xe .build/obj_bm16a_default_noogs/outputselect.o
                0x0000000000004a62                where_to_send
 .text.USB_Device_SendRemoteWakeup
                0x0000000000004a70       0x2c .build/obj_bm16a_default_noogs/lib/lufa/LUFA/Drivers/USB/Core/AVR8/Device_AVR8.o
                0x0000000000004a70                USB_Device_SendRemoteWakeup
 .text.Endpoint_Write_Stream_LE
                0x0000000000004a9c       0x9e .build/obj_bm16a_default_noogs/lib/lufa/LUFA/Drivers/USB/Core/AVR8/EndpointStream_AVR8.o
                0x0000000000004a9c                Endpoint_Write_Stream_LE
 .text.Endpoint_Write_Control_Stream_LE
                0x0000000000004b3a       0xbc .build/obj_bm16a_default_noogs/lib/lufa/LUFA/Drivers/USB/Core/AVR8/EndpointStream_AVR8.o
                0x0000000000004b3a                Endpoint_Write_Control_Stream_LE
 .text.Endpoint_Write_Control_PStream_LE
                0x0000000000004bf6       0xbe .build/obj_bm16a_default_noogs/lib/lufa/LUFA/Drivers/USB/Core/AVR8/EndpointStream_AVR8.o
                0x0000000000004bf6                Endpoint_Write_Control_PStream_LE
 .text.Endpoint_ConfigureEndpoint_Prv
                0x0000000000004cb4       0x68 .build/obj_bm16a_default_noogs/lib/lufa/LUFA/Drivers/USB/Core/AVR8/Endpoint_AVR8.o
                0x0000000000004cb4                Endpoint_ConfigureEndpoint_Prv
 .text.Endpoint_ClearStatusStage
                0x0000000000004d1c       0x3e .build/obj_bm16a_default_noogs/lib/lufa/LUFA/Drivers/USB/Core/AVR8/Endpoint_AVR8.o
                0x0000000000004d1c                Endpoint_ClearStatusStage
 .text.Endpoint_WaitUntilReady
                0x0000000000004d5a       0x62 .build/obj_bm16a_default_noogs/lib/lufa/LUFA/Drivers/USB/Core/AVR8/Endpoint_AVR8.o
                0x0000000000004d5a                Endpoint_WaitUntilReady
 .text.USB_Disable
                0x0000000000004dbc       0x34 .build/obj_bm16a_default_noogs/lib/lufa/LUFA/Drivers/USB/Core/AVR8/USBController_AVR8.o
                0x0000000000004dbc                USB_Disable
 .text.USB_ResetInterface
                0x0000000000004df0       0x86 .build/obj_bm16a_default_noogs/lib/lufa/LUFA/Drivers/USB/Core/AVR8/USBController_AVR8.o
                0x0000000000004df0                USB_ResetInterface
 .text.USB_Init
                0x0000000000004e76       0x22 .build/obj_bm16a_default_noogs/lib/lufa/LUFA/Drivers/USB/Core/AVR8/USBController_AVR8.o
                0x0000000000004e76                USB_Init
 .text.USB_INT_DisableAllInterrupts
                0x0000000000004e98       0x10 .build/obj_bm16a_default_noogs/lib/lufa/LUFA/Drivers/USB/Core/AVR8/USBInterrupt_AVR8.o
                0x0000000000004e98                USB_INT_DisableAllInterrupts
 .text.USB_INT_ClearAllInterrupts
                0x0000000000004ea8        0xa .build/obj_bm16a_default_noogs/lib/lufa/LUFA/Drivers/USB/Core/AVR8/USBInterrupt_AVR8.o
                0x0000000000004ea8                USB_INT_ClearAllInterrupts
 .text.__vector_10
                0x0000000000004eb2      0x1a8 .build/obj_bm16a_default_noogs/lib/lufa/LUFA/Drivers/USB/Core/AVR8/USBInterrupt_AVR8.o
                0x0000000000004eb2                __vector_10
 .text.__vector_11
                0x000000000000505a       0x88 .build/obj_bm16a_default_noogs/lib/lufa/LUFA/Drivers/USB/Core/AVR8/USBInterrupt_AVR8.o
                0x000000000000505a                __vector_11
 .text.USB_Device_ProcessControlRequest
                0x00000000000050e2      0x2a4 .build/obj_bm16a_default_noogs/lib/lufa/LUFA/Drivers/USB/Core/DeviceStandardReq.o
                0x00000000000050e2                USB_Device_ProcessControlRequest
 .text.USB_Event_Stub
                0x0000000000005386        0x2 .build/obj_bm16a_default_noogs/lib/lufa/LUFA/Drivers/USB/Core/Events.o
                0x0000000000005386                USB_Event_Stub
                0x0000000000005386                EVENT_USB_Device_StartOfFrame
 .text.USB_USBTask
                0x0000000000005388       0x36 .build/obj_bm16a_default_noogs/lib/lufa/LUFA/Drivers/USB/Core/USBTask.o
                0x0000000000005388                USB_USBTask
 .text.libgcc.mul
                0x00000000000053be       0x20 /usr/local/Cellar/avr-gcc@8/8.3.0_1/lib/avr-gcc/8/gcc/avr/8.3.0/avr5/libgcc.a(_mulsi3.o)
                0x00000000000053be                __mulsi3
 .text.libgcc.div
                0x00000000000053de       0x28 /usr/local/Cellar/avr-gcc@8/8.3.0_1/lib/avr-gcc/8/gcc/avr/8.3.0/avr5/libgcc.a(_udivmodhi4.o)
                0x00000000000053de                __udivmodhi4
 .text.libgcc.div
                0x0000000000005406       0x28 /usr/local/Cellar/avr-gcc@8/8.3.0_1/lib/avr-gcc/8/gcc/avr/8.3.0/avr5/libgcc.a(_divmodhi4.o)
                0x0000000000005406                __divmodhi4
                0x0000000000005406                _div
 .text.libgcc.div
                0x000000000000542e       0x44 /usr/local/Cellar/avr-gcc@8/8.3.0_1/lib/avr-gcc/8/gcc/avr/8.3.0/avr5/libgcc.a(_udivmodsi4.o)
                0x000000000000542e                __udivmodsi4
 .text.libgcc   0x0000000000005472        0xc /usr/local/Cellar/avr-gcc@8/8.3.0_1/lib/avr-gcc/8/gcc/avr/8.3.0/avr5/libgcc.a(_tablejump2.o)
                0x0000000000005472                __tablejump2__
 .text.libgcc.mul
                0x000000000000547e       0x1e /usr/local/Cellar/avr-gcc@8/8.3.0_1/lib/avr-gcc/8/gcc/avr/8.3.0/avr5/libgcc.a(_umulhisi3.o)
                0x000000000000547e                __umulhisi3
 .text.libgcc.mul
                0x000000000000549c       0x16 /usr/local/Cellar/avr-gcc@8/8.3.0_1/lib/avr-gcc/8/gcc/avr/8.3.0/avr5/libgcc.a(_muluhisi3.o)
                0x000000000000549c                __muluhisi3
 .text.avr-libc
                0x00000000000054b2       0x1a /usr/local/Cellar/avr-gcc@8/8.3.0_1/lib/avr-gcc/8/gcc/avr/8.3.0/../../../../../../avr/lib/avr5/libc.a(memchr.o)
                0x00000000000054b2                memchr
 .text.avr-libc
                0x00000000000054cc       0x10 /usr/local/Cellar/avr-gcc@8/8.3.0_1/lib/avr-gcc/8/gcc/avr/8.3.0/../../../../../../avr/lib/avr5/libatmega32u4.a(eerd_byte.o)
                0x00000000000054cc                eeprom_read_byte
 .text.avr-libc
                0x00000000000054dc        0xc /usr/local/Cellar/avr-gcc@8/8.3.0_1/lib/avr-gcc/8/gcc/avr/8.3.0/../../../../../../avr/lib/avr5/libatmega32u4.a(eerd_dword.o)
                0x00000000000054dc                eeprom_read_dword
                0x00000000000054dc                eeprom_read_float
 .text.avr-libc
                0x00000000000054e8        0xc /usr/local/Cellar/avr-gcc@8/8.3.0_1/lib/avr-gcc/8/gcc/avr/8.3.0/../../../../../../avr/lib/avr5/libatmega32u4.a(eerd_word.o)
                0x00000000000054e8                eeprom_read_word
 .text.avr-libc
                0x00000000000054f4       0x24 /usr/local/Cellar/avr-gcc@8/8.3.0_1/lib/avr-gcc/8/gcc/avr/8.3.0/../../../../../../avr/lib/avr5/libatmega32u4.a(eeupd_byte.o)
                0x00000000000054f4                eeprom_update_byte
                0x00000000000054f6                eeprom_update_r18
 .text.avr-libc
                0x0000000000005518       0x18 /usr/local/Cellar/avr-gcc@8/8.3.0_1/lib/avr-gcc/8/gcc/avr/8.3.0/../../../../../../avr/lib/avr5/libatmega32u4.a(eeupd_dword.o)
                0x0000000000005518                eeprom_update_dword
                0x0000000000005518                eeprom_update_float
 .text.avr-libc
                0x0000000000005530        0xc /usr/local/Cellar/avr-gcc@8/8.3.0_1/lib/avr-gcc/8/gcc/avr/8.3.0/../../../../../../avr/lib/avr5/libatmega32u4.a(eeupd_word.o)
                0x0000000000005530                eeprom_update_word
 .text.avr-libc
                0x000000000000553c       0x20 /usr/local/Cellar/avr-gcc@8/8.3.0_1/lib/avr-gcc/8/gcc/avr/8.3.0/../../../../../../avr/lib/avr5/libatmega32u4.a(eerd_block.o)
                0x000000000000553c                eeprom_read_block
                0x0000000000005540                eeprom_read_blraw
                0x000000000000555c                . = ALIGN (0x2)
 *(.fini9)
 .fini9         0x000000000000555c        0x0 /usr/local/Cellar/avr-gcc@8/8.3.0_1/lib/avr-gcc/8/gcc/avr/8.3.0/avr5/libgcc.a(_exit.o)
                0x000000000000555c                exit
                0x000000000000555c                _exit
 *(.fini9)
 *(.fini8)
 *(.fini8)
 *(.fini7)
 *(.fini7)
 *(.fini6)
 *(.fini6)
 *(.fini5)
 *(.fini5)
 *(.fini4)
 *(.fini4)
 *(.fini3)
 *(.fini3)
 *(.fini2)
 *(.fini2)
 *(.fini1)
 *(.fini1)
 *(.fini0)
 .fini0         0x000000000000555c        0x4 /usr/local/Cellar/avr-gcc@8/8.3.0_1/lib/avr-gcc/8/gcc/avr/8.3.0/avr5/libgcc.a(_exit.o)
 *(.fini0)
 *(.hightext)
 *(.hightext*)
 *(.progmemx.*)
                0x0000000000005560                . = ALIGN (0x2)
 *(.jumptables)
 *(.jumptables*)
 .jumptables.gcc.process_record_user
                0x0000000000005560       0x30 .build/obj_bm16a_default_noogs/keyboards/bm16a/keymaps/default_noogs/keymap.o
 .jumptables.gcc.process_rgb
                0x0000000000005590       0x28 .build/obj_bm16a_default_noogs/quantum/process_keycode/process_rgb.o
 .jumptables.gcc.process_action
                0x00000000000055b8       0x20 .build/obj_bm16a_default_noogs/common/action.o
 .jumptables.gcc.is_tap_action
                0x00000000000055d8       0x1c .build/obj_bm16a_default_noogs/common/action.o
 .jumptables.gcc.USB_Device_ProcessControlRequest
                0x00000000000055f4       0x14 .build/obj_bm16a_default_noogs/lib/lufa/LUFA/Drivers/USB/Core/DeviceStandardReq.o
                0x0000000000005608                _etext = .

.data           0x0000000000800100       0x44 load address 0x0000000000005608
                0x0000000000800100                PROVIDE (__data_start = .)
 *(.data)
 *(.data*)
 .data.effect_num_leds
                0x0000000000800100        0x1 .build/obj_bm16a_default_noogs/quantum/rgblight.o
 .data.effect_end_pos
                0x0000000000800101        0x1 .build/obj_bm16a_default_noogs/quantum/rgblight.o
 .data.clipping_num_leds
                0x0000000000800102        0x1 .build/obj_bm16a_default_noogs/quantum/rgblight.o
 .data.static_effect_table
                0x0000000000800103        0xb .build/obj_bm16a_default_noogs/quantum/rgblight.o
 .data.keyboard_report
                0x000000000080010e        0x2 .build/obj_bm16a_default_noogs/common/action_util.o
                0x000000000080010e                keyboard_report
 .data.mk_wheel_time_to_max
                0x0000000000800110        0x1 .build/obj_bm16a_default_noogs/common/mousekey.o
                0x0000000000800110                mk_wheel_time_to_max
 .data.mk_wheel_max_speed
                0x0000000000800111        0x1 .build/obj_bm16a_default_noogs/common/mousekey.o
                0x0000000000800111                mk_wheel_max_speed
 .data.mk_time_to_max
                0x0000000000800112        0x1 .build/obj_bm16a_default_noogs/common/mousekey.o
                0x0000000000800112                mk_time_to_max
 .data.mk_max_speed
                0x0000000000800113        0x1 .build/obj_bm16a_default_noogs/common/mousekey.o
                0x0000000000800113                mk_max_speed
 .data.mk_interval
                0x0000000000800114        0x1 .build/obj_bm16a_default_noogs/common/mousekey.o
                0x0000000000800114                mk_interval
 .data.mk_delay
                0x0000000000800115        0x1 .build/obj_bm16a_default_noogs/common/mousekey.o
                0x0000000000800115                mk_delay
 .data.lufa_driver
                0x0000000000800116        0xa .build/obj_bm16a_default_noogs/lufa.o
                0x0000000000800116                lufa_driver
 .data.keyboard_protocol
                0x0000000000800120        0x1 .build/obj_bm16a_default_noogs/lufa.o
                0x0000000000800120                keyboard_protocol
 *(.gnu.linkonce.d*)
 *(.rodata)
 *(.rodata*)
 .rodata.col_pins
                0x0000000000800121        0x4 .build/obj_bm16a_default_noogs/quantum/matrix.o
 .rodata.row_pins
                0x0000000000800125        0x4 .build/obj_bm16a_default_noogs/quantum/matrix.o
 .rodata.mode_base_table
                0x0000000000800129       0x1a .build/obj_bm16a_default_noogs/quantum/rgblight.o
 *(.gnu.linkonce.r*)
                0x0000000000800144                . = ALIGN (0x2)
 *fill*         0x0000000000800143        0x1 
                0x0000000000800144                _edata = .
                0x0000000000800144                PROVIDE (__data_end = .)

.bss            0x0000000000800144      0x10f
                0x0000000000800144                PROVIDE (__bss_start = .)
 *(.bss)
 *(.bss*)
 .bss.grave_esc_was_shifted.6261
                0x0000000000800144        0x1 .build/obj_bm16a_default_noogs/quantum/quantum.o
 .bss.debouncing_time
                0x0000000000800145        0x2 .build/obj_bm16a_default_noogs/quantum/debounce/sym_g.o
 .bss.debouncing
                0x0000000000800147        0x1 .build/obj_bm16a_default_noogs/quantum/debounce/sym_g.o
 .bss.effect_start_pos
                0x0000000000800148        0x1 .build/obj_bm16a_default_noogs/quantum/rgblight.o
 .bss.clipping_start_pos
                0x0000000000800149        0x1 .build/obj_bm16a_default_noogs/quantum/rgblight.o
 .bss.animation_status
                0x000000000080014a        0x6 .build/obj_bm16a_default_noogs/quantum/rgblight.o
                0x000000000080014a                animation_status
 .bss.is_rgblight_initialized
                0x0000000000800150        0x1 .build/obj_bm16a_default_noogs/quantum/rgblight.o
                0x0000000000800150                is_rgblight_initialized
 .bss.rgblight_status
                0x0000000000800151        0x2 .build/obj_bm16a_default_noogs/quantum/rgblight.o
                0x0000000000800151                rgblight_status
 .bss.sc_timer  0x0000000000800153        0x2 .build/obj_bm16a_default_noogs/quantum/process_keycode/process_space_cadet.o
 .bss.sc_last   0x0000000000800155        0x1 .build/obj_bm16a_default_noogs/quantum/process_keycode/process_space_cadet.o
 .bss.last_consumer_report
                0x0000000000800156        0x2 .build/obj_bm16a_default_noogs/common/host.o
 .bss.last_system_report
                0x0000000000800158        0x2 .build/obj_bm16a_default_noogs/common/host.o
 .bss.driver    0x000000000080015a        0x2 .build/obj_bm16a_default_noogs/common/host.o
 .bss.led_status.5889
                0x000000000080015c        0x1 .build/obj_bm16a_default_noogs/common/keyboard.o
 .bss.matrix_prev.5888
                0x000000000080015d        0x4 .build/obj_bm16a_default_noogs/common/keyboard.o
 .bss.disable_action_cache
                0x0000000000800161        0x1 .build/obj_bm16a_default_noogs/common/action.o
                0x0000000000800161                disable_action_cache
 .bss.waiting_buffer_tail
                0x0000000000800162        0x1 .build/obj_bm16a_default_noogs/common/action_tapping.o
 .bss.waiting_buffer_head
                0x0000000000800163        0x1 .build/obj_bm16a_default_noogs/common/action_tapping.o
 .bss.waiting_buffer
                0x0000000000800164       0x30 .build/obj_bm16a_default_noogs/common/action_tapping.o
 .bss.tapping_key
                0x0000000000800194        0x6 .build/obj_bm16a_default_noogs/common/action_tapping.o
 .bss.source_layers_cache
                0x000000000080019a        0xa .build/obj_bm16a_default_noogs/common/action_layer.o
                0x000000000080019a                source_layers_cache
 .bss.layer_state
                0x00000000008001a4        0x4 .build/obj_bm16a_default_noogs/common/action_layer.o
                0x00000000008001a4                layer_state
 .bss.default_layer_state
                0x00000000008001a8        0x4 .build/obj_bm16a_default_noogs/common/action_layer.o
                0x00000000008001a8                default_layer_state
 .bss.oneshot_layer_data
                0x00000000008001ac        0x1 .build/obj_bm16a_default_noogs/common/action_util.o
 .bss.oneshot_mods
                0x00000000008001ad        0x1 .build/obj_bm16a_default_noogs/common/action_util.o
 .bss.__compound_literal.0
                0x00000000008001ae       0x20 .build/obj_bm16a_default_noogs/common/action_util.o
 .bss.macro_mods
                0x00000000008001ce        0x1 .build/obj_bm16a_default_noogs/common/action_util.o
 .bss.weak_mods
                0x00000000008001cf        0x1 .build/obj_bm16a_default_noogs/common/action_util.o
 .bss.real_mods
                0x00000000008001d0        0x1 .build/obj_bm16a_default_noogs/common/action_util.o
 .bss.debug_config
                0x00000000008001d1        0x1 .build/obj_bm16a_default_noogs/common/debug.o
                0x00000000008001d1                debug_config
 .bss.wdt_timeout
                0x00000000008001d2        0x1 .build/obj_bm16a_default_noogs/common/avr/suspend.o
 .bss.last_timer
                0x00000000008001d3        0x2 .build/obj_bm16a_default_noogs/common/mousekey.o
 .bss.mousekey_repeat
                0x00000000008001d5        0x1 .build/obj_bm16a_default_noogs/common/mousekey.o
 .bss.mousekey_accel
                0x00000000008001d6        0x1 .build/obj_bm16a_default_noogs/common/mousekey.o
 .bss.mouse_report
                0x00000000008001d7        0x6 .build/obj_bm16a_default_noogs/common/mousekey.o
 .bss.keyboard_report_sent
                0x00000000008001dd       0x20 .build/obj_bm16a_default_noogs/lufa.o
 .bss.keyboard_led_stats
                0x00000000008001fd        0x1 .build/obj_bm16a_default_noogs/lufa.o
 .bss.keyboard_idle
                0x00000000008001fe        0x1 .build/obj_bm16a_default_noogs/lufa.o
                0x00000000008001fe                keyboard_idle
 .bss.desired_output
                0x00000000008001ff        0x1 .build/obj_bm16a_default_noogs/outputselect.o
                0x00000000008001ff                desired_output
 *(COMMON)
 COMMON         0x0000000000800200        0x8 .build/obj_bm16a_default_noogs/quantum/matrix_common.o
                0x0000000000800200                raw_matrix
                0x0000000000800204                matrix
 COMMON         0x0000000000800208       0x35 .build/obj_bm16a_default_noogs/quantum/rgblight.o
                0x0000000000800208                rgblight_config
                0x000000000080020d                led
 COMMON         0x000000000080023d        0x1 .build/obj_bm16a_default_noogs/quantum/backlight/backlight.o
                0x000000000080023d                backlight_config
 COMMON         0x000000000080023e        0x2 .build/obj_bm16a_default_noogs/common/action.o
                0x000000000080023e                tp_buttons
 COMMON         0x0000000000800240        0x4 .build/obj_bm16a_default_noogs/common/avr/timer.o
                0x0000000000800240                timer_count
 COMMON         0x0000000000800244        0x2 .build/obj_bm16a_default_noogs/common/magic.o
                0x0000000000800244                keymap_config
 COMMON         0x0000000000800246        0x3 .build/obj_bm16a_default_noogs/lib/lufa/LUFA/Drivers/USB/Core/DeviceStandardReq.o
                0x0000000000800246                USB_Device_ConfigurationNumber
                0x0000000000800247                USB_Device_CurrentlySelfPowered
                0x0000000000800248                USB_Device_RemoteWakeupEnabled
 COMMON         0x0000000000800249        0xa .build/obj_bm16a_default_noogs/lib/lufa/LUFA/Drivers/USB/Core/USBTask.o
                0x0000000000800249                USB_IsInitialized
                0x000000000080024a                USB_DeviceState
                0x000000000080024b                USB_ControlRequest
                0x0000000000800253                PROVIDE (__bss_end = .)
                0x0000000000005608                __data_load_start = LOADADDR (.data)
                0x000000000000564c                __data_load_end = (__data_load_start + SIZEOF (.data))

.noinit         0x0000000000800253        0x4
                [!provide]                        PROVIDE (__noinit_start = .)
 *(.noinit*)
 .noinit        0x0000000000800253        0x4 .build/obj_bm16a_default_noogs/common/avr/bootloader.o
                0x0000000000800253                reset_key
                [!provide]                        PROVIDE (__noinit_end = .)
                0x0000000000800257                _end = .
                [!provide]                        PROVIDE (__heap_start = .)

.eeprom         0x0000000000810000        0x0
 *(.eeprom*)
                0x0000000000810000                __eeprom_end = .

.fuse
 *(.fuse)
 *(.lfuse)
 *(.hfuse)
 *(.efuse)

.lock
 *(.lock*)

.signature
 *(.signature*)

.stab
 *(.stab)

.stabstr        0x0000000000000000       0x9a
 *(.stabstr)
 .stabstr       0x0000000000000000       0x9a .build/obj_bm16a_default_noogs/common/avr/xprintf.o

.stab.excl
 *(.stab.excl)

.stab.exclstr
 *(.stab.exclstr)

.stab.index
 *(.stab.index)

.stab.indexstr
 *(.stab.indexstr)

.comment        0x0000000000000000       0x11
 *(.comment)
 .comment       0x0000000000000000       0x11 .build/obj_bm16a_default_noogs/keyboards/bm16a/bm16a.o
                                         0x12 (size before relaxing)
 .comment       0x0000000000000011       0x12 .build/obj_bm16a_default_noogs/keyboards/bm16a/keymaps/default_noogs/keymap.o
 .comment       0x0000000000000011       0x12 .build/obj_bm16a_default_noogs/quantum/quantum.o
 .comment       0x0000000000000011       0x12 .build/obj_bm16a_default_noogs/quantum/keymap_common.o
 .comment       0x0000000000000011       0x12 .build/obj_bm16a_default_noogs/quantum/keycode_config.o
 .comment       0x0000000000000011       0x12 .build/obj_bm16a_default_noogs/quantum/matrix_common.o
 .comment       0x0000000000000011       0x12 .build/obj_bm16a_default_noogs/quantum/matrix.o
 .comment       0x0000000000000011       0x12 .build/obj_bm16a_default_noogs/quantum/debounce/sym_g.o
 .comment       0x0000000000000011       0x12 .build/obj_bm16a_default_noogs/quantum/color.o
 .comment       0x0000000000000011       0x12 .build/obj_bm16a_default_noogs/quantum/rgblight.o
 .comment       0x0000000000000011       0x12 .build/obj_bm16a_default_noogs/quantum/process_keycode/process_rgb.o
 .comment       0x0000000000000011       0x12 .build/obj_bm16a_default_noogs/quantum/backlight/backlight.o
 .comment       0x0000000000000011       0x12 .build/obj_bm16a_default_noogs/quantum/backlight/backlight_avr.o
 .comment       0x0000000000000011       0x12 .build/obj_bm16a_default_noogs/ws2812.o
 .comment       0x0000000000000011       0x12 .build/obj_bm16a_default_noogs/quantum/led_tables.o
 .comment       0x0000000000000011       0x12 .build/obj_bm16a_default_noogs/quantum/process_keycode/process_space_cadet.o
 .comment       0x0000000000000011       0x12 .build/obj_bm16a_default_noogs/quantum/process_keycode/process_magic.o
 .comment       0x0000000000000011       0x12 .build/obj_bm16a_default_noogs/common/host.o
 .comment       0x0000000000000011       0x12 .build/obj_bm16a_default_noogs/common/keyboard.o
 .comment       0x0000000000000011       0x12 .build/obj_bm16a_default_noogs/common/action.o
 .comment       0x0000000000000011       0x12 .build/obj_bm16a_default_noogs/common/action_tapping.o
 .comment       0x0000000000000011       0x12 .build/obj_bm16a_default_noogs/common/action_macro.o
 .comment       0x0000000000000011       0x12 .build/obj_bm16a_default_noogs/common/action_layer.o
 .comment       0x0000000000000011       0x12 .build/obj_bm16a_default_noogs/common/action_util.o
 .comment       0x0000000000000011       0x12 .build/obj_bm16a_default_noogs/common/debug.o
 .comment       0x0000000000000011       0x12 .build/obj_bm16a_default_noogs/common/util.o
 .comment       0x0000000000000011       0x12 .build/obj_bm16a_default_noogs/common/eeconfig.o
 .comment       0x0000000000000011       0x12 .build/obj_bm16a_default_noogs/common/report.o
 .comment       0x0000000000000011       0x12 .build/obj_bm16a_default_noogs/common/avr/suspend.o
 .comment       0x0000000000000011       0x12 .build/obj_bm16a_default_noogs/common/avr/timer.o